###############################################################################
#
# IAR ELF Linker V8.32.1.169/W32 for ARM                  11/Mar/2024  23:19:27
# Copyright 2007-2018 IAR Systems AB.
#
#    Output file  =  
#        C:\Users\Hanfang
#        Su\Desktop\科研\Mortor\BLDC_1130_IAR\Debug\Exe\BLDC_1130.out
#    Map file     =  
#        C:\Users\Hanfang
#        Su\Desktop\科研\Mortor\BLDC_1130_IAR\Debug\List\BLDC_1130.map
#    Command line =  
#        -f C:\Users\HANFAN~1\AppData\Local\Temp\EWA028.tmp ("C:\Users\Hanfang
#        Su\Desktop\科研\Mortor\BLDC_1130_IAR\Debug\Obj\Analog.o"
#        "C:\Users\Hanfang
#        Su\Desktop\科研\Mortor\BLDC_1130_IAR\Debug\Obj\BLDC.o"
#        "C:\Users\Hanfang
#        Su\Desktop\科研\Mortor\BLDC_1130_IAR\Debug\Obj\GPIO_Init.o"
#        "C:\Users\Hanfang
#        Su\Desktop\科研\Mortor\BLDC_1130_IAR\Debug\Obj\main.o"
#        "C:\Users\Hanfang
#        Su\Desktop\科研\Mortor\BLDC_1130_IAR\Debug\Obj\misc.o"
#        "C:\Users\Hanfang
#        Su\Desktop\科研\Mortor\BLDC_1130_IAR\Debug\Obj\PI_Cale.o"
#        "C:\Users\Hanfang
#        Su\Desktop\科研\Mortor\BLDC_1130_IAR\Debug\Obj\startup_stm32f10x_md.o"
#        "C:\Users\Hanfang
#        Su\Desktop\科研\Mortor\BLDC_1130_IAR\Debug\Obj\stm32f10x_adc.o"
#        "C:\Users\Hanfang
#        Su\Desktop\科研\Mortor\BLDC_1130_IAR\Debug\Obj\stm32f10x_bkp.o"
#        "C:\Users\Hanfang
#        Su\Desktop\科研\Mortor\BLDC_1130_IAR\Debug\Obj\stm32f10x_can.o"
#        "C:\Users\Hanfang
#        Su\Desktop\科研\Mortor\BLDC_1130_IAR\Debug\Obj\stm32f10x_cec.o"
#        "C:\Users\Hanfang
#        Su\Desktop\科研\Mortor\BLDC_1130_IAR\Debug\Obj\stm32f10x_crc.o"
#        "C:\Users\Hanfang
#        Su\Desktop\科研\Mortor\BLDC_1130_IAR\Debug\Obj\stm32f10x_dac.o"
#        "C:\Users\Hanfang
#        Su\Desktop\科研\Mortor\BLDC_1130_IAR\Debug\Obj\stm32f10x_dbgmcu.o"
#        "C:\Users\Hanfang
#        Su\Desktop\科研\Mortor\BLDC_1130_IAR\Debug\Obj\stm32f10x_dma.o"
#        "C:\Users\Hanfang
#        Su\Desktop\科研\Mortor\BLDC_1130_IAR\Debug\Obj\stm32f10x_exti.o"
#        "C:\Users\Hanfang
#        Su\Desktop\科研\Mortor\BLDC_1130_IAR\Debug\Obj\stm32f10x_flash.o"
#        "C:\Users\Hanfang
#        Su\Desktop\科研\Mortor\BLDC_1130_IAR\Debug\Obj\stm32f10x_fsmc.o"
#        "C:\Users\Hanfang
#        Su\Desktop\科研\Mortor\BLDC_1130_IAR\Debug\Obj\stm32f10x_gpio.o"
#        "C:\Users\Hanfang
#        Su\Desktop\科研\Mortor\BLDC_1130_IAR\Debug\Obj\stm32f10x_i2c.o"
#        "C:\Users\Hanfang
#        Su\Desktop\科研\Mortor\BLDC_1130_IAR\Debug\Obj\stm32f10x_it.o"
#        "C:\Users\Hanfang
#        Su\Desktop\科研\Mortor\BLDC_1130_IAR\Debug\Obj\stm32f10x_iwdg.o"
#        "C:\Users\Hanfang
#        Su\Desktop\科研\Mortor\BLDC_1130_IAR\Debug\Obj\stm32f10x_pwr.o"
#        "C:\Users\Hanfang
#        Su\Desktop\科研\Mortor\BLDC_1130_IAR\Debug\Obj\stm32f10x_rcc.o"
#        "C:\Users\Hanfang
#        Su\Desktop\科研\Mortor\BLDC_1130_IAR\Debug\Obj\stm32f10x_rtc.o"
#        "C:\Users\Hanfang
#        Su\Desktop\科研\Mortor\BLDC_1130_IAR\Debug\Obj\stm32f10x_sdio.o"
#        "C:\Users\Hanfang
#        Su\Desktop\科研\Mortor\BLDC_1130_IAR\Debug\Obj\stm32f10x_spi.o"
#        "C:\Users\Hanfang
#        Su\Desktop\科研\Mortor\BLDC_1130_IAR\Debug\Obj\stm32f10x_tim.o"
#        "C:\Users\Hanfang
#        Su\Desktop\科研\Mortor\BLDC_1130_IAR\Debug\Obj\stm32f10x_usart.o"
#        "C:\Users\Hanfang
#        Su\Desktop\科研\Mortor\BLDC_1130_IAR\Debug\Obj\stm32f10x_wwdg.o"
#        "C:\Users\Hanfang
#        Su\Desktop\科研\Mortor\BLDC_1130_IAR\Debug\Obj\SysConfig.o"
#        "C:\Users\Hanfang
#        Su\Desktop\科研\Mortor\BLDC_1130_IAR\Debug\Obj\system_stm32f10x.o"
#        "C:\Users\Hanfang
#        Su\Desktop\科研\Mortor\BLDC_1130_IAR\Debug\Obj\Timer.o"
#        "C:\Users\Hanfang
#        Su\Desktop\科研\Mortor\BLDC_1130_IAR\Debug\Obj\Timer_ISR.o"
#        "C:\Users\Hanfang
#        Su\Desktop\科研\Mortor\BLDC_1130_IAR\Debug\Obj\USART.o"
#        --no_out_extension -o "C:\Users\Hanfang
#        Su\Desktop\科研\Mortor\BLDC_1130_IAR\Debug\Exe\BLDC_1130.out" --map
#        "C:\Users\Hanfang
#        Su\Desktop\科研\Mortor\BLDC_1130_IAR\Debug\List\BLDC_1130.map"
#        --config D:\IAR\arm\config\linker\ST\stm32f103x8.icf --semihosting
#        --entry __iar_program_start --vfe --text_out locale)
#
###############################################################################

*******************************************************************************
*** RUNTIME MODEL ATTRIBUTES
***

CppFlavor       = *
__SystemLibrary = DLib
__dlib_version  = 6


*******************************************************************************
*** HEAP SELECTION
***

The basic heap was selected because no calls to memory allocation
functions were found in the application outside of system library
functions, and there are calls to deallocation functions in the
application.


*******************************************************************************
*** PLACEMENT SUMMARY
***

"A0":  place at 0x800'0000 { ro section .intvec };
"P1":  place in [from 0x800'0000 to 0x800'ffff] { ro };
define block CSTACK with size = 2K, alignment = 8 { };
define block HEAP with size = 2K, alignment = 8 { };
"P2":  place in [from 0x2000'0000 to 0x2000'4fff] {
          rw, block CSTACK, block HEAP };
initialize by copy { rw };

  Section            Kind         Address    Size  Object
  -------            ----         -------    ----  ------
"A0":                                        0xec
  .intvec            ro code   0x800'0000    0xec  startup_stm32f10x_md.o [1]
                             - 0x800'00ec    0xec

"P1":                                      0x39c9
  .text              ro code   0x800'00ec   0xd4c  BLDC.o [1]
  .text              ro code   0x800'0e38   0x5b4  Timer.o [1]
  .text              ro code   0x800'13ec    0x1a  U32ToDbl.o [3]
  .text              ro code   0x800'1406    0x3a  zero_init3.o [4]
  .text              ro code   0x800'1440   0x17a  DblAdd.o [3]
  .text              ro code   0x800'15bc    0x28  DblToU32.o [3]
  .text              ro code   0x800'15e4   0x684  stm32f10x_tim.o [1]
  .text              ro code   0x800'1c68   0x1f0  PI_Cale.o [1]
  .text              ro code   0x800'1e58   0x1a2  DblMul.o [3]
  .text              ro code   0x800'1ffc    0x3a  DblToS32.o [3]
  .text              ro code   0x800'2038   0x2f6  stm32f10x_adc.o [1]
  .text              ro code   0x800'2330   0x1c4  stm32f10x_gpio.o [1]
  .text              ro code   0x800'24f4    0x38  SysConfig.o [1]
  .text              ro code   0x800'252c    0xb4  stm32f10x_rcc.o [1]
  .text              ro code   0x800'25e0    0xe2  DblSub.o [3]
  .text              ro code   0x800'26c4    0xa8  atan64.o [3]
  .text              ro code   0x800'276c    0x22  S32ToDbl.o [3]
  .text              ro code   0x800'2790   0x246  DblDiv.o [3]
  .text              ro code   0x800'29d8   0x210  iar_Atan64.o [3]
  .text              ro code   0x800'2be8   0x4c8  Analog.o [1]
  .text              ro code   0x800'30b0    0x80  misc.o [1]
  .text              ro code   0x800'3130    0xb0  stm32f10x_dma.o [1]
  .text              ro code   0x800'31e0    0x1c  U32ToFlt.o [3]
  .text              ro code   0x800'31fc   0x1d0  Timer_ISR.o [1]
  .text              ro code   0x800'33cc   0x130  main.o [1]
  .text              ro code   0x800'34fc   0x100  GPIO_Init.o [1]
  .text              ro code   0x800'35fc    0xb4  stm32f10x_exti.o [1]
  .text              ro code   0x800'36b0   0x118  system_stm32f10x.o [1]
  .text              ro code   0x800'37c8    0x8e  stm32f10x_usart.o [1]
  .rodata            const     0x800'3858    0x40  iar_Atan64.o [3]
  .text              ro code   0x800'3898    0x38  packbits_init_single.o [4]
  .text              ro code   0x800'38d0    0x34  USART.o [1]
  .text              ro code   0x800'3904    0x28  data_init.o [4]
  .iar.init_table    const     0x800'392c    0x20  - Linker created -
  .text              ro code   0x800'394c    0x1e  cmain.o [4]
  .text              ro code   0x800'396a     0x4  low_level_init.o [2]
  .text              ro code   0x800'396e     0x4  exit.o [2]
  .text              ro code   0x800'3974     0xa  cexit.o [4]
  .text              ro code   0x800'3980    0x14  exit.o [5]
  .text              ro code   0x800'3994    0x12  stm32f10x_it.o [1]
  .text              ro code   0x800'39a8    0x10  startup_stm32f10x_md.o [1]
  .text              ro code   0x800'39b8     0xc  cstartup_M.o [4]
  .text              ro code   0x800'39c4     0x4  startup_stm32f10x_md.o [1]
  .text              ro code   0x800'39c8     0x4  startup_stm32f10x_md.o [1]
  .text              ro code   0x800'39cc     0x4  startup_stm32f10x_md.o [1]
  .text              ro code   0x800'39d0     0x4  startup_stm32f10x_md.o [1]
  .text              ro code   0x800'39d4     0x4  startup_stm32f10x_md.o [1]
  .text              ro code   0x800'39d8     0x4  startup_stm32f10x_md.o [1]
  .text              ro code   0x800'39dc     0x4  startup_stm32f10x_md.o [1]
  .text              ro code   0x800'39e0     0x4  startup_stm32f10x_md.o [1]
  .text              ro code   0x800'39e4     0x4  startup_stm32f10x_md.o [1]
  .text              ro code   0x800'39e8     0x4  startup_stm32f10x_md.o [1]
  .text              ro code   0x800'39ec     0x4  startup_stm32f10x_md.o [1]
  .text              ro code   0x800'39f0     0x4  startup_stm32f10x_md.o [1]
  .text              ro code   0x800'39f4     0x4  startup_stm32f10x_md.o [1]
  .text              ro code   0x800'39f8     0x4  startup_stm32f10x_md.o [1]
  .text              ro code   0x800'39fc     0x4  startup_stm32f10x_md.o [1]
  .text              ro code   0x800'3a00     0x4  startup_stm32f10x_md.o [1]
  .text              ro code   0x800'3a04     0x4  startup_stm32f10x_md.o [1]
  .text              ro code   0x800'3a08     0x4  startup_stm32f10x_md.o [1]
  .text              ro code   0x800'3a0c     0x4  startup_stm32f10x_md.o [1]
  .text              ro code   0x800'3a10     0x4  startup_stm32f10x_md.o [1]
  .text              ro code   0x800'3a14     0x4  startup_stm32f10x_md.o [1]
  .text              ro code   0x800'3a18     0x4  startup_stm32f10x_md.o [1]
  .text              ro code   0x800'3a1c     0x4  startup_stm32f10x_md.o [1]
  .text              ro code   0x800'3a20     0x4  startup_stm32f10x_md.o [1]
  .text              ro code   0x800'3a24     0x4  startup_stm32f10x_md.o [1]
  .text              ro code   0x800'3a28     0x4  startup_stm32f10x_md.o [1]
  .text              ro code   0x800'3a2c     0x4  startup_stm32f10x_md.o [1]
  .text              ro code   0x800'3a30     0x4  startup_stm32f10x_md.o [1]
  .text              ro code   0x800'3a34     0x4  startup_stm32f10x_md.o [1]
  .text              ro code   0x800'3a38     0x4  startup_stm32f10x_md.o [1]
  .text              ro code   0x800'3a3c     0x4  startup_stm32f10x_md.o [1]
  .text              ro code   0x800'3a40     0x4  startup_stm32f10x_md.o [1]
  .text              ro code   0x800'3a44     0x4  startup_stm32f10x_md.o [1]
  .text              ro code   0x800'3a48     0x4  startup_stm32f10x_md.o [1]
  .text              ro code   0x800'3a4c     0x4  startup_stm32f10x_md.o [1]
  .text              ro code   0x800'3a50     0x4  startup_stm32f10x_md.o [1]
  .text              ro code   0x800'3a54     0x4  startup_stm32f10x_md.o [1]
  .text              ro code   0x800'3a58     0x4  startup_stm32f10x_md.o [1]
  .text              ro code   0x800'3a5c     0x4  startup_stm32f10x_md.o [1]
  .text              ro code   0x800'3a60     0x4  startup_stm32f10x_md.o [1]
  .text              ro code   0x800'3a64     0x4  startup_stm32f10x_md.o [1]
  .text              ro code   0x800'3a68     0x4  startup_stm32f10x_md.o [1]
  .text              ro code   0x800'3a6c     0x4  startup_stm32f10x_md.o [1]
  .text              ro code   0x800'3a70     0x4  startup_stm32f10x_md.o [1]
  .text              ro code   0x800'3a74     0x4  startup_stm32f10x_md.o [1]
  .text              ro code   0x800'3a78     0x4  startup_stm32f10x_md.o [1]
  .text              ro code   0x800'3a7c     0x4  startup_stm32f10x_md.o [1]
  .text              ro code   0x800'3a80     0x4  startup_stm32f10x_md.o [1]
  .text              ro code   0x800'3a84     0x4  startup_stm32f10x_md.o [1]
  .text              ro code   0x800'3a88     0x4  startup_stm32f10x_md.o [1]
  .text              ro code   0x800'3a8c     0x4  startup_stm32f10x_md.o [1]
  .text              ro code   0x800'3a90     0x4  startup_stm32f10x_md.o [1]
  .rodata            const     0x800'3a94     0x0  zero_init3.o [4]
  .rodata            const     0x800'3a94     0x0  packbits_init_single.o [4]
  Initializer bytes  const     0x800'3a94    0x21  <for P2-1>
                             - 0x800'3ab5  0x39c9

"P2", part 1 of 3:                           0x6e
  P2-1                        0x2000'0000    0x6e  <Init block>
    .data            inited   0x2000'0000    0x3c  BLDC.o [1]
    .data            inited   0x2000'003c    0x2c  PI_Cale.o [1]
    .data            inited   0x2000'0068     0x4  system_stm32f10x.o [1]
    .data            inited   0x2000'006c     0x2  PI_Cale.o [1]
                            - 0x2000'006e    0x6e

"P2", part 2 of 3:                          0x768
  .bss               zero     0x2000'0070   0x2d0  BLDC.o [1]
  .bss               zero     0x2000'0340    0xc8  Analog.o [1]
  .bss               zero     0x2000'0408    0xc8  Analog.o [1]
  .bss               zero     0x2000'04d0    0xc8  Analog.o [1]
  .bss               zero     0x2000'0598    0xc8  BLDC.o [1]
  .bss               zero     0x2000'0660    0xc8  BLDC.o [1]
  .bss               zero     0x2000'0728    0x30  BLDC.o [1]
  .bss               zero     0x2000'0758    0x28  PI_Cale.o [1]
  .bss               zero     0x2000'0780    0x20  Analog.o [1]
  .bss               zero     0x2000'07a0     0xc  BLDC.o [1]
  .bss               zero     0x2000'07ac     0x4  Analog.o [1]
  .bss               zero     0x2000'07b0     0x4  Analog.o [1]
  .bss               zero     0x2000'07b4     0x2  Analog.o [1]
  .bss               zero     0x2000'07b6     0x2  Analog.o [1]
  .bss               zero     0x2000'07b8     0x2  Analog.o [1]
  .bss               zero     0x2000'07ba     0x2  Analog.o [1]
  .bss               zero     0x2000'07bc     0x2  BLDC.o [1]
  .bss               zero     0x2000'07be     0x2  BLDC.o [1]
  .bss               zero     0x2000'07c0     0x2  BLDC.o [1]
  .bss               zero     0x2000'07c2     0x2  PI_Cale.o [1]
  .bss               zero     0x2000'07c4     0x2  Timer_ISR.o [1]
  .bss               zero     0x2000'07c6     0x2  Timer_ISR.o [1]
  .bss               zero     0x2000'07c8     0x1  Analog.o [1]
  .bss               zero     0x2000'07c9     0x1  BLDC.o [1]
  .bss               zero     0x2000'07ca     0x1  BLDC.o [1]
  .bss               zero     0x2000'07cb     0x1  BLDC.o [1]
  .bss               zero     0x2000'07cc     0x1  BLDC.o [1]
  .bss               zero     0x2000'07cd     0x1  BLDC.o [1]
  .bss               zero     0x2000'07ce     0x1  BLDC.o [1]
  .bss               zero     0x2000'07cf     0x1  BLDC.o [1]
  .bss               zero     0x2000'07d0     0x1  BLDC.o [1]
  .bss               zero     0x2000'07d1     0x1  BLDC.o [1]
  .bss               zero     0x2000'07d2     0x1  BLDC.o [1]
  .bss               zero     0x2000'07d3     0x1  BLDC.o [1]
  .bss               zero     0x2000'07d4     0x1  BLDC.o [1]
  .bss               zero     0x2000'07d5     0x1  BLDC.o [1]
                            - 0x2000'07d6   0x766

"P2", part 3 of 3:                          0x800
  CSTACK                      0x2000'07d8   0x800  <Block>
    CSTACK           uninit   0x2000'07d8   0x800  <Block tail>
                            - 0x2000'0fd8   0x800

Unused ranges:

         From           To    Size
         ----           --    ----
   0x800'3ab5   0x800'ffff  0xc54b
  0x2000'006e  0x2000'006f     0x2
  0x2000'0fd8  0x2000'4fff  0x4028


*******************************************************************************
*** INIT TABLE
***

          Address      Size
          -------      ----
Zero (__iar_zero_init3)
    1 destination range, total size 0x766:
          0x2000'0070  0x766

Copy/packbits (__iar_packbits_init_single3)
    1 source range, total size 0x21 (30% of destination):
           0x800'3a94   0x21
    1 destination range, total size 0x6e:
          0x2000'0000   0x6e



*******************************************************************************
*** MODULE SUMMARY
***

    Module                  ro code  ro data  rw data
    ------                  -------  -------  -------
command line/config:
    -------------------------------------------------
    Total:

C:\Users\Hanfang Su\Desktop\科研\Mortor\BLDC_1130_IAR\Debug\Obj: [1]
    Analog.o                  1 224               649
    BLDC.o                    3 404       18    1 259
    GPIO_Init.o                 256
    PI_Cale.o                   496       14       88
    SysConfig.o                  56
    Timer.o                   1 460
    Timer_ISR.o                 464                 4
    USART.o                      52
    main.o                      304
    misc.o                      128
    startup_stm32f10x_md.o      460
    stm32f10x_adc.o             758
    stm32f10x_dma.o             176
    stm32f10x_exti.o            180
    stm32f10x_gpio.o            452
    stm32f10x_it.o               18
    stm32f10x_rcc.o             180
    stm32f10x_tim.o           1 668
    stm32f10x_usart.o           142
    system_stm32f10x.o          280        1        4
    -------------------------------------------------
    Total:                   12 158       33    2 004

dl7M_tlf.a: [2]
    exit.o                        4
    low_level_init.o              4
    -------------------------------------------------
    Total:                        8

m7M_tl.a: [3]
    DblAdd.o                    378
    DblDiv.o                    582
    DblMul.o                    418
    DblSub.o                    226
    DblToS32.o                   58
    DblToU32.o                   40
    S32ToDbl.o                   34
    U32ToDbl.o                   26
    U32ToFlt.o                   28
    atan64.o                    168
    iar_Atan64.o                528       64
    -------------------------------------------------
    Total:                    2 486       64

rt7M_tl.a: [4]
    cexit.o                      10
    cmain.o                      30
    cstartup_M.o                 12
    data_init.o                  40
    packbits_init_single.o       56
    zero_init3.o                 58
    -------------------------------------------------
    Total:                      206

shb_l.a: [5]
    exit.o                       20
    -------------------------------------------------
    Total:                       20

    Gaps                         20        2
    Linker created                        32    2 048
-----------------------------------------------------
    Grand Total:             14 898      131    4 052


*******************************************************************************
*** ENTRY LIST
***

Entry                       Address   Size  Type      Object
-----                       -------   ----  ----      ------
.iar.init_table$$Base    0x800'392c          --   Gb  - Linker created -
.iar.init_table$$Limit   0x800'394c          --   Gb  - Linker created -
?main                    0x800'394d         Code  Gb  cmain.o [4]
ADC1_2_IRQHandler        0x800'32c9   0x54  Code  Gb  Timer_ISR.o [1]
ADCIntProtectCnt        0x2000'07c4    0x2  Data  Gb  Timer_ISR.o [1]
ADC_ClearITPendingBit    0x800'2321    0xe  Code  Gb  stm32f10x_adc.o [1]
ADC_Cmd                  0x800'2083   0x1a  Code  Gb  stm32f10x_adc.o [1]
ADC_Configuration        0x800'2c8b  0x16e  Code  Gb  Analog.o [1]
ADC_DMACmd               0x800'209d   0x1a  Code  Gb  stm32f10x_adc.o [1]
ADC_ExternalTrigInjectedConvCmd
                         0x800'21fb   0x1a  Code  Gb  stm32f10x_adc.o [1]
ADC_ExternalTrigInjectedConvConfig
                         0x800'21ed    0xe  Code  Gb  stm32f10x_adc.o [1]
ADC_GetCalibrationStatus
                         0x800'20fb   0x12  Code  Gb  stm32f10x_adc.o [1]
ADC_GetITStatus          0x800'22f9   0x28  Code  Gb  stm32f10x_adc.o [1]
ADC_GetInjectedConversionValue
                         0x800'22b1   0x1c  Code  Gb  stm32f10x_adc.o [1]
ADC_GetResetCalibrationStatus
                         0x800'20df   0x12  Code  Gb  stm32f10x_adc.o [1]
ADC_ITConfig             0x800'20b7   0x1e  Code  Gb  stm32f10x_adc.o [1]
ADC_Init                 0x800'2039   0x4a  Code  Gb  stm32f10x_adc.o [1]
ADC_InjectedChannelConfig
                         0x800'2215   0x86  Code  Gb  stm32f10x_adc.o [1]
ADC_InjectedSequencerLengthConfig
                         0x800'229b   0x16  Code  Gb  stm32f10x_adc.o [1]
ADC_RegularChannelConfig
                         0x800'2127   0xc6  Code  Gb  stm32f10x_adc.o [1]
ADC_ResetCalibration     0x800'20d5    0xa  Code  Gb  stm32f10x_adc.o [1]
ADC_SoftwareStartConvCmd
                         0x800'210d   0x1a  Code  Gb  stm32f10x_adc.o [1]
ADC_StartCalibration     0x800'20f1    0xa  Code  Gb  stm32f10x_adc.o [1]
ADC_TempSensorVrefintCmd
                         0x800'22cd   0x1e  Code  Gb  stm32f10x_adc.o [1]
ADC_check_buf           0x2000'07a0    0xc  Data  Gb  BLDC.o [1]
AccSpeedControl          0x800'056f   0x58  Code  Gb  BLDC.o [1]
AccSpeedControl{1}{2}::testCount
                        0x2000'07c0    0x2  Data  Lc  BLDC.o [1]
Align_pos_check_proc     0x800'0ba9  0x1fc  Code  Gb  BLDC.o [1]
All_Discharg             0x800'07ad   0x44  Code  Gb  BLDC.o [1]
Angle_Dealwith           0x800'3043   0x28  Code  Gb  Analog.o [1]
BLDC_GPIO_Config         0x800'34fd   0x62  Code  Gb  GPIO_Init.o [1]
BemfCheck                0x800'2df9  0x210  Code  Gb  Analog.o [1]
BemfCheck::U_Array      0x2000'0340   0xc8  Data  Lc  Analog.o [1]
BemfCheck::V_Array      0x2000'0408   0xc8  Data  Lc  Analog.o [1]
BemfCheck::W_Array      0x2000'04d0   0xc8  Data  Lc  Analog.o [1]
BemfCheck::u_idx        0x2000'07ba    0x2  Data  Lc  Analog.o [1]
BusFault_Handler         0x800'399b    0x2  Code  Gb  stm32f10x_it.o [1]
CSTACK$$Base            0x2000'07d8          --   Gb  - Linker created -
CSTACK$$Limit           0x2000'0fd8          --   Gb  - Linker created -
Cal_AverCurrent          0x800'3009   0x12  Code  Gb  Analog.o [1]
CalcSpeedTime            0x800'1c69   0x5e  Code  Gb  PI_Cale.o [1]
Change_Voltage           0x800'03a7  0x160  Code  Gb  BLDC.o [1]
Charger                  0x800'0761   0x4c  Code  Gb  BLDC.o [1]
Charger_Time            0x2000'07d1    0x1  Data  Gb  BLDC.o [1]
DMA1_Channel1_IRQHandler
                         0x800'331d   0x6a  Code  Gb  Timer_ISR.o [1]
DMA_ClearITPendingBit    0x800'31c1   0x10  Code  Gb  stm32f10x_dma.o [1]
DMA_Cmd                  0x800'316d   0x1c  Code  Gb  stm32f10x_dma.o [1]
DMA_GetITStatus          0x800'31a1   0x20  Code  Gb  stm32f10x_dma.o [1]
DMA_ITConfig             0x800'3189   0x18  Code  Gb  stm32f10x_dma.o [1]
DMA_Init                 0x800'3131   0x3c  Code  Gb  stm32f10x_dma.o [1]
DebugMon_Handler         0x800'39a1    0x2  Code  Gb  stm32f10x_it.o [1]
DecSpeedControl          0x800'05c7   0x58  Code  Gb  BLDC.o [1]
Delay_ms                 0x800'24f5   0x2c  Code  Gb  SysConfig.o [1]
EXTI15_10_IRQHandler     0x800'35b7   0x32  Code  Gb  GPIO_Init.o [1]
EXTI_ClearITPendingBit   0x800'3695    0x6  Code  Gb  stm32f10x_exti.o [1]
EXTI_GetITStatus         0x800'3675   0x20  Code  Gb  stm32f10x_exti.o [1]
EXTI_Init                0x800'35fd   0x78  Code  Gb  stm32f10x_exti.o [1]
EnterDragInit            0x800'01b9   0x74  Code  Gb  BLDC.o [1]
EnterRunInit             0x800'022d   0x50  Code  Gb  BLDC.o [1]
Exti_Config              0x800'355f   0x58  Code  Gb  GPIO_Init.o [1]
Filter_Count            0x2000'07c8    0x1  Data  Gb  Analog.o [1]
Flag_Alignment          0x2000'07d4    0x1  Data  Gb  BLDC.o [1]
Flag_Charger            0x2000'07d2    0x1  Data  Gb  BLDC.o [1]
Flag_OverCurr           0x2000'07d3    0x1  Data  Gb  BLDC.o [1]
Flag_adc                0x2000'07d0    0x1  Data  Gb  BLDC.o [1]
GPIO_EXTILineConfig      0x800'2499   0x50  Code  Gb  stm32f10x_gpio.o [1]
GPIO_Init                0x800'2331   0xc0  Code  Gb  stm32f10x_gpio.o [1]
GPIO_PinRemapConfig      0x800'2411   0x88  Code  Gb  stm32f10x_gpio.o [1]
GPIO_ReadInputDataBit    0x800'23f1   0x14  Code  Gb  stm32f10x_gpio.o [1]
GPIO_ResetBits           0x800'240b    0x6  Code  Gb  stm32f10x_gpio.o [1]
GPIO_SetBits             0x800'2405    0x6  Code  Gb  stm32f10x_gpio.o [1]
Global_Current          0x2000'07b6    0x2  Data  Gb  Analog.o [1]
HardFault_Handler        0x800'3997    0x2  Code  Gb  stm32f10x_it.o [1]
IncPIDCalc               0x800'1cf7   0x74  Code  Gb  PI_Cale.o [1]
IncPIDInit               0x800'1cc7   0x30  Code  Gb  PI_Cale.o [1]
Instant_Current_Cale     0x800'301b   0x28  Code  Gb  Analog.o [1]
Limit_speed_duty        0x2000'006c    0x2  Data  Gb  PI_Cale.o [1]
MOS_Q15PWM               0x800'118f   0x60  Code  Gb  Timer.o [1]
MOS_Q16PWM               0x800'11ef   0x60  Code  Gb  Timer.o [1]
MOS_Q24PWM               0x800'12af   0x60  Code  Gb  Timer.o [1]
MOS_Q26PWM               0x800'124f   0x60  Code  Gb  Timer.o [1]
MOS_Q34PWM               0x800'130f   0x60  Code  Gb  Timer.o [1]
MOS_Q35PWM               0x800'136f   0x60  Code  Gb  Timer.o [1]
Mask_TIME               0x2000'07b8    0x2  Data  Gb  Analog.o [1]
MasterState             0x2000'07c9    0x1  Data  Gb  BLDC.o [1]
MemManage_Handler        0x800'3999    0x2  Code  Gb  stm32f10x_it.o [1]
Motor                   0x2000'0000   0x3c  Data  Gb  BLDC.o [1]
MotorControl             0x800'0507   0x68  Code  Gb  BLDC.o [1]
MotorInit                0x800'0133   0x86  Code  Gb  BLDC.o [1]
MotorStop                0x800'061f   0x2a  Code  Gb  BLDC.o [1]
MotorStopNext            0x800'0649   0x20  Code  Gb  BLDC.o [1]
MotorStopNext2           0x800'0669   0x12  Code  Gb  BLDC.o [1]
MotorTimerDecrease       0x800'0695   0x12  Code  Gb  BLDC.o [1]
Motor_PWM_IDLE           0x800'07f1   0x74  Code  Gb  BLDC.o [1]
Motor_Stop_Delay         0x800'0683   0x12  Code  Gb  BLDC.o [1]
NMI_Handler              0x800'3995    0x2  Code  Gb  stm32f10x_it.o [1]
NVIC_Configuration       0x800'2be9   0xa2  Code  Gb  Analog.o [1]
NVIC_Init                0x800'30bb   0x60  Code  Gb  misc.o [1]
NVIC_PriorityGroupConfig
                         0x800'30b1    0xa  Code  Gb  misc.o [1]
PID_Speed               0x2000'003c   0x2c  Data  Gb  PI_Cale.o [1]
PendSV_Handler           0x800'39a3    0x2  Code  Gb  stm32f10x_it.o [1]
PhaseCnt                0x2000'07cd    0x1  Data  Gb  BLDC.o [1]
RCC_ADCCLKConfig         0x800'252d   0x10  Code  Gb  stm32f10x_rcc.o [1]
RCC_AHBPeriphClockCmd    0x800'253d   0x1c  Code  Gb  stm32f10x_rcc.o [1]
RCC_APB1PeriphClockCmd   0x800'2575   0x1c  Code  Gb  stm32f10x_rcc.o [1]
RCC_APB1PeriphResetCmd   0x800'25ad   0x1c  Code  Gb  stm32f10x_rcc.o [1]
RCC_APB2PeriphClockCmd   0x800'2559   0x1c  Code  Gb  stm32f10x_rcc.o [1]
RCC_APB2PeriphResetCmd   0x800'2591   0x1c  Code  Gb  stm32f10x_rcc.o [1]
Region$$Table$$Base      0x800'392c          --   Gb  - Linker created -
Region$$Table$$Limit     0x800'394c          --   Gb  - Linker created -
RegularConvData_Tab     0x2000'07b0    0x4  Data  Gb  Analog.o [1]
SVC_Handler              0x800'399f    0x2  Code  Gb  stm32f10x_it.o [1]
SetSysClock              0x800'36f5    0x8  Code  Lc  system_stm32f10x.o [1]
SetSysClockTo72          0x800'36fd   0xae  Code  Lc  system_stm32f10x.o [1]
Set_Motor_Stop_Delay     0x800'067b    0x8  Code  Gb  BLDC.o [1]
SpeedController          0x800'1d6b   0xa4  Code  Gb  PI_Cale.o [1]
SpeedController{1}{2}{3}{4}::DutyInc
                        0x2000'07c2    0x2  Data  Lc  PI_Cale.o [1]
Start_Motor              0x800'1143   0x4c  Code  Gb  Timer.o [1]
StartupDrag              0x800'027d  0x12a  Code  Gb  BLDC.o [1]
StartupDrag::ChangeTimeArray
                        0x2000'0598   0xc8  Data  Lc  BLDC.o [1]
StartupDrag::U_Vol      0x2000'0660   0xc8  Data  Lc  BLDC.o [1]
StartupDrag::idx        0x2000'07be    0x2  Data  Lc  BLDC.o [1]
Startup_Turn             0x800'06ef   0x72  Code  Gb  BLDC.o [1]
SysTick_Handler          0x800'39a5    0x2  Code  Gb  stm32f10x_it.o [1]
Sys_Variable_Init        0x800'00ed   0x46  Code  Gb  BLDC.o [1]
SystemCoreClock         0x2000'0068    0x4  Data  Gb  system_stm32f10x.o [1]
SystemInit               0x800'36b1   0x44  Code  Gb  system_stm32f10x.o [1]
Sysvariable             0x2000'0728   0x30  Data  Gb  BLDC.o [1]
TIM1_Config              0x800'0f27  0x21c  Code  Gb  Timer.o [1]
TIM2_Config              0x800'0e39   0x58  Code  Gb  Timer.o [1]
TIM2_IRQHandler          0x800'31fd   0x1c  Code  Gb  Timer_ISR.o [1]
TIM3_Config              0x800'0e91   0x4a  Code  Gb  Timer.o [1]
TIM3_IRQHandler          0x800'3219   0x7c  Code  Gb  Timer_ISR.o [1]
TIM4_Config              0x800'0edb   0x4c  Code  Gb  Timer.o [1]
TIM4_IRQHandler          0x800'3295   0x34  Code  Gb  Timer_ISR.o [1]
TIM_ARRPreloadConfig     0x800'1b0b   0x1c  Code  Gb  stm32f10x_tim.o [1]
TIM_BDTRConfig           0x800'1a63   0x20  Code  Gb  stm32f10x_tim.o [1]
TIM_CCxCmd               0x800'1b9f   0x20  Code  Gb  stm32f10x_tim.o [1]
TIM_CCxNCmd              0x800'1bbf   0x20  Code  Gb  stm32f10x_tim.o [1]
TIM_ClearFlag            0x800'1bf1    0x8  Code  Gb  stm32f10x_tim.o [1]
TIM_ClearITPendingBit    0x800'1c1d    0x8  Code  Gb  stm32f10x_tim.o [1]
TIM_Cmd                  0x800'1a83   0x1c  Code  Gb  stm32f10x_tim.o [1]
TIM_CtrlPWMOutputs       0x800'1a9f   0x22  Code  Gb  stm32f10x_tim.o [1]
TIM_DeInit               0x800'15e5  0x1de  Code  Gb  stm32f10x_tim.o [1]
TIM_ForcedOC1Config      0x800'1ad9   0x10  Code  Gb  stm32f10x_tim.o [1]
TIM_ForcedOC2Config      0x800'1ae9   0x12  Code  Gb  stm32f10x_tim.o [1]
TIM_ForcedOC3Config      0x800'1afb   0x10  Code  Gb  stm32f10x_tim.o [1]
TIM_GetITStatus          0x800'1bf9   0x24  Code  Gb  stm32f10x_tim.o [1]
TIM_ITConfig             0x800'1ac1   0x18  Code  Gb  stm32f10x_tim.o [1]
TIM_OC1Init              0x800'1855   0x94  Code  Gb  stm32f10x_tim.o [1]
TIM_OC1NPolarityConfig   0x800'1b6b   0x10  Code  Gb  stm32f10x_tim.o [1]
TIM_OC1PreloadConfig     0x800'1b27   0x10  Code  Gb  stm32f10x_tim.o [1]
TIM_OC2Init              0x800'18e9   0x8a  Code  Gb  stm32f10x_tim.o [1]
TIM_OC2NPolarityConfig   0x800'1b7b   0x12  Code  Gb  stm32f10x_tim.o [1]
TIM_OC2PreloadConfig     0x800'1b37   0x12  Code  Gb  stm32f10x_tim.o [1]
TIM_OC3Init              0x800'1973   0x88  Code  Gb  stm32f10x_tim.o [1]
TIM_OC3NPolarityConfig   0x800'1b8d   0x12  Code  Gb  stm32f10x_tim.o [1]
TIM_OC3PreloadConfig     0x800'1b49   0x10  Code  Gb  stm32f10x_tim.o [1]
TIM_OC4Init              0x800'19fb   0x68  Code  Gb  stm32f10x_tim.o [1]
TIM_OC4PreloadConfig     0x800'1b59   0x12  Code  Gb  stm32f10x_tim.o [1]
TIM_SetCompare1          0x800'1bdf    0x4  Code  Gb  stm32f10x_tim.o [1]
TIM_SetCompare2          0x800'1be3    0x4  Code  Gb  stm32f10x_tim.o [1]
TIM_SetCompare3          0x800'1be7    0x4  Code  Gb  stm32f10x_tim.o [1]
TIM_SetCompare4          0x800'1beb    0x6  Code  Gb  stm32f10x_tim.o [1]
TIM_TimeBaseInit         0x800'17c3   0x92  Code  Gb  stm32f10x_tim.o [1]
TuneDutyRatioCnt        0x2000'07c6    0x2  Data  Gb  Timer_ISR.o [1]
USART1_IRQHandler        0x800'38d1   0x30  Code  Gb  USART.o [1]
USART_GetFlagStatus      0x800'37d9   0x1a  Code  Gb  stm32f10x_usart.o [1]
USART_GetITStatus        0x800'37f3   0x64  Code  Gb  stm32f10x_usart.o [1]
USART_ReceiveData        0x800'37d1    0x8  Code  Gb  stm32f10x_usart.o [1]
USART_SendData           0x800'37c9    0x8  Code  Gb  stm32f10x_usart.o [1]
UV_W_phase_inject        0x800'0865   0x7c  Code  Gb  BLDC.o [1]
U_VW_phase_inject        0x800'0ae1   0x80  Code  Gb  BLDC.o [1]
UsageFault_Handler       0x800'399d    0x2  Code  Gb  stm32f10x_it.o [1]
UserRequireSpeed        0x2000'07b4    0x2  Data  Gb  Analog.o [1]
UserSpeedControlInit     0x800'06a7   0x48  Code  Gb  BLDC.o [1]
UserSpeedControlInit::RheostatCnt0
                        0x2000'07d5    0x1  Data  Lc  BLDC.o [1]
VW_U_phase_inject        0x800'0a65   0x7c  Code  Gb  BLDC.o [1]
V_WU_phase_inject        0x800'09e1   0x84  Code  Gb  BLDC.o [1]
WU_V_phase_inject        0x800'0965   0x7c  Code  Gb  BLDC.o [1]
W_UV_phase_inject        0x800'08e1   0x84  Code  Gb  BLDC.o [1]
__aeabi_d2iz             0x800'1ffd         Code  Gb  DblToS32.o [3]
__aeabi_d2uiz            0x800'15bd         Code  Gb  DblToU32.o [3]
__aeabi_dadd             0x800'1441         Code  Gb  DblAdd.o [3]
__aeabi_ddiv             0x800'2791         Code  Gb  DblDiv.o [3]
__aeabi_dmul             0x800'1e59         Code  Gb  DblMul.o [3]
__aeabi_dsub             0x800'25e1         Code  Gb  DblSub.o [3]
__aeabi_i2d              0x800'276d         Code  Gb  S32ToDbl.o [3]
__aeabi_ui2d             0x800'13ed         Code  Gb  U32ToDbl.o [3]
__aeabi_ui2f             0x800'31e1         Code  Gb  U32ToFlt.o [3]
__cmain                  0x800'394d         Code  Gb  cmain.o [4]
__exit                   0x800'3981   0x14  Code  Gb  exit.o [5]
__iar_Atan64             0x800'29d9  0x210  Code  Gb  iar_Atan64.o [3]
__iar_atan64             0x800'26c5   0xa8  Code  Gb  atan64.o [3]
__iar_dadd               0x800'25f1         Code  Gb  DblSub.o [3]
__iar_data_init3         0x800'3905   0x28  Code  Gb  data_init.o [4]
__iar_dsub               0x800'1451         Code  Gb  DblAdd.o [3]
__iar_dsubStart          0x800'1463         Code  Gb  DblAdd.o [3]
__iar_packbits_init_single3
                         0x800'3899   0x38  Code  Gb  packbits_init_single.o [4]
__iar_program_start      0x800'39b9         Code  Gb  cstartup_M.o [4]
__iar_zero_init3         0x800'1407   0x3a  Code  Gb  zero_init3.o [4]
__low_level_init         0x800'396b    0x4  Code  Gb  low_level_init.o [2]
__vector_table           0x800'0000         Data  Gb  startup_stm32f10x_md.o [1]
_call_main               0x800'3959         Code  Gb  cmain.o [4]
_exit                    0x800'3975         Code  Gb  cexit.o [4]
_main                    0x800'3967         Code  Gb  cmain.o [4]
a                        0x800'3858   0x40  Data  Lc  iar_Atan64.o [3]
atan                     0x800'26c5   0xa8  Code  Gb  atan64.o [3]
atanl                    0x800'26c5   0xa8  Code  Gb  atan64.o [3]
bldc_pid                0x2000'0758   0x28  Data  Gb  PI_Cale.o [1]
charger_idx             0x2000'07cf    0x1  Data  Gb  BLDC.o [1]
curr_test               0x2000'0070  0x2d0  Data  Lc  BLDC.o [1]
exit                     0x800'396f    0x4  Code  Gb  exit.o [2]
j                       0x2000'07bc    0x2  Data  Gb  BLDC.o [1]
main                     0x800'33cd  0x130  Code  Gb  main.o [1]
mcCurOffset             0x2000'0780   0x20  Data  Gb  Analog.o [1]
mcFault                 0x2000'07cb    0x1  Data  Gb  BLDC.o [1]
mcState                 0x2000'07ca    0x1  Data  Gb  BLDC.o [1]
pos_check_stage         0x2000'07cc    0x1  Data  Gb  BLDC.o [1]
pos_idx                 0x2000'07ce    0x1  Data  Gb  BLDC.o [1]
sysflags                0x2000'07ac    0x4  Data  Gb  Analog.o [1]


[1] = C:\Users\Hanfang Su\Desktop\科研\Mortor\BLDC_1130_IAR\Debug\Obj
[2] = dl7M_tlf.a
[3] = m7M_tl.a
[4] = rt7M_tl.a
[5] = shb_l.a

  14 898 bytes of readonly  code memory
     131 bytes of readonly  data memory
   4 052 bytes of readwrite data memory

Errors: none
Warnings: none
