###############################################################################
#
# IAR ELF Linker V8.32.1.169/W32 for ARM                  15/Jan/2024  13:53:30
# Copyright 2007-2018 IAR Systems AB.
#
#    Output file  =  
#        C:\Users\Hanfang
#        Su\Desktop\科研\Mortor\BLDC_1130_IAR\Debug\Exe\BLDC_1130.out
#    Map file     =  
#        C:\Users\Hanfang
#        Su\Desktop\科研\Mortor\BLDC_1130_IAR\Debug\List\BLDC_1130.map
#    Command line =  
#        -f C:\Users\HANFAN~1\AppData\Local\Temp\EW7A75.tmp ("C:\Users\Hanfang
#        Su\Desktop\科研\Mortor\BLDC_1130_IAR\Debug\Obj\Analog.o"
#        "C:\Users\Hanfang
#        Su\Desktop\科研\Mortor\BLDC_1130_IAR\Debug\Obj\BLDC.o"
#        "C:\Users\Hanfang
#        Su\Desktop\科研\Mortor\BLDC_1130_IAR\Debug\Obj\GPIO_Init.o"
#        "C:\Users\Hanfang
#        Su\Desktop\科研\Mortor\BLDC_1130_IAR\Debug\Obj\main.o"
#        "C:\Users\Hanfang
#        Su\Desktop\科研\Mortor\BLDC_1130_IAR\Debug\Obj\misc.o"
#        "C:\Users\Hanfang
#        Su\Desktop\科研\Mortor\BLDC_1130_IAR\Debug\Obj\PI_Cale.o"
#        "C:\Users\Hanfang
#        Su\Desktop\科研\Mortor\BLDC_1130_IAR\Debug\Obj\startup_stm32f10x_md.o"
#        "C:\Users\Hanfang
#        Su\Desktop\科研\Mortor\BLDC_1130_IAR\Debug\Obj\stm32f10x_adc.o"
#        "C:\Users\Hanfang
#        Su\Desktop\科研\Mortor\BLDC_1130_IAR\Debug\Obj\stm32f10x_bkp.o"
#        "C:\Users\Hanfang
#        Su\Desktop\科研\Mortor\BLDC_1130_IAR\Debug\Obj\stm32f10x_can.o"
#        "C:\Users\Hanfang
#        Su\Desktop\科研\Mortor\BLDC_1130_IAR\Debug\Obj\stm32f10x_cec.o"
#        "C:\Users\Hanfang
#        Su\Desktop\科研\Mortor\BLDC_1130_IAR\Debug\Obj\stm32f10x_crc.o"
#        "C:\Users\Hanfang
#        Su\Desktop\科研\Mortor\BLDC_1130_IAR\Debug\Obj\stm32f10x_dac.o"
#        "C:\Users\Hanfang
#        Su\Desktop\科研\Mortor\BLDC_1130_IAR\Debug\Obj\stm32f10x_dbgmcu.o"
#        "C:\Users\Hanfang
#        Su\Desktop\科研\Mortor\BLDC_1130_IAR\Debug\Obj\stm32f10x_dma.o"
#        "C:\Users\Hanfang
#        Su\Desktop\科研\Mortor\BLDC_1130_IAR\Debug\Obj\stm32f10x_exti.o"
#        "C:\Users\Hanfang
#        Su\Desktop\科研\Mortor\BLDC_1130_IAR\Debug\Obj\stm32f10x_flash.o"
#        "C:\Users\Hanfang
#        Su\Desktop\科研\Mortor\BLDC_1130_IAR\Debug\Obj\stm32f10x_fsmc.o"
#        "C:\Users\Hanfang
#        Su\Desktop\科研\Mortor\BLDC_1130_IAR\Debug\Obj\stm32f10x_gpio.o"
#        "C:\Users\Hanfang
#        Su\Desktop\科研\Mortor\BLDC_1130_IAR\Debug\Obj\stm32f10x_i2c.o"
#        "C:\Users\Hanfang
#        Su\Desktop\科研\Mortor\BLDC_1130_IAR\Debug\Obj\stm32f10x_it.o"
#        "C:\Users\Hanfang
#        Su\Desktop\科研\Mortor\BLDC_1130_IAR\Debug\Obj\stm32f10x_iwdg.o"
#        "C:\Users\Hanfang
#        Su\Desktop\科研\Mortor\BLDC_1130_IAR\Debug\Obj\stm32f10x_pwr.o"
#        "C:\Users\Hanfang
#        Su\Desktop\科研\Mortor\BLDC_1130_IAR\Debug\Obj\stm32f10x_rcc.o"
#        "C:\Users\Hanfang
#        Su\Desktop\科研\Mortor\BLDC_1130_IAR\Debug\Obj\stm32f10x_rtc.o"
#        "C:\Users\Hanfang
#        Su\Desktop\科研\Mortor\BLDC_1130_IAR\Debug\Obj\stm32f10x_sdio.o"
#        "C:\Users\Hanfang
#        Su\Desktop\科研\Mortor\BLDC_1130_IAR\Debug\Obj\stm32f10x_spi.o"
#        "C:\Users\Hanfang
#        Su\Desktop\科研\Mortor\BLDC_1130_IAR\Debug\Obj\stm32f10x_tim.o"
#        "C:\Users\Hanfang
#        Su\Desktop\科研\Mortor\BLDC_1130_IAR\Debug\Obj\stm32f10x_usart.o"
#        "C:\Users\Hanfang
#        Su\Desktop\科研\Mortor\BLDC_1130_IAR\Debug\Obj\stm32f10x_wwdg.o"
#        "C:\Users\Hanfang
#        Su\Desktop\科研\Mortor\BLDC_1130_IAR\Debug\Obj\SysConfig.o"
#        "C:\Users\Hanfang
#        Su\Desktop\科研\Mortor\BLDC_1130_IAR\Debug\Obj\system_stm32f10x.o"
#        "C:\Users\Hanfang
#        Su\Desktop\科研\Mortor\BLDC_1130_IAR\Debug\Obj\Timer.o"
#        "C:\Users\Hanfang
#        Su\Desktop\科研\Mortor\BLDC_1130_IAR\Debug\Obj\Timer_ISR.o"
#        "C:\Users\Hanfang
#        Su\Desktop\科研\Mortor\BLDC_1130_IAR\Debug\Obj\USART.o"
#        --no_out_extension -o "C:\Users\Hanfang
#        Su\Desktop\科研\Mortor\BLDC_1130_IAR\Debug\Exe\BLDC_1130.out" --map
#        "C:\Users\Hanfang
#        Su\Desktop\科研\Mortor\BLDC_1130_IAR\Debug\List\BLDC_1130.map"
#        --config D:\IAR\arm\config\linker\ST\stm32f103x8.icf --semihosting
#        --entry __iar_program_start --vfe --text_out locale)
#
###############################################################################

*******************************************************************************
*** RUNTIME MODEL ATTRIBUTES
***

CppFlavor       = *
__SystemLibrary = DLib
__dlib_version  = 6


*******************************************************************************
*** HEAP SELECTION
***

The basic heap was selected because no calls to memory allocation
functions were found in the application outside of system library
functions, and there are calls to deallocation functions in the
application.


*******************************************************************************
*** PLACEMENT SUMMARY
***

"A0":  place at 0x800'0000 { ro section .intvec };
"P1":  place in [from 0x800'0000 to 0x800'ffff] { ro };
define block CSTACK with size = 2K, alignment = 8 { };
define block HEAP with size = 2K, alignment = 8 { };
"P2":  place in [from 0x2000'0000 to 0x2000'4fff] {
          rw, block CSTACK, block HEAP };
initialize by copy { rw };

  Section            Kind         Address    Size  Object
  -------            ----         -------    ----  ------
"A0":                                        0xec
  .intvec            ro code   0x800'0000    0xec  startup_stm32f10x_md.o [1]
                             - 0x800'00ec    0xec

"P1":                                      0x2d21
  .text              ro code   0x800'00ec   0x7d4  BLDC.o [1]
  .text              ro code   0x800'08c0   0x5b4  Timer.o [1]
  .text              ro code   0x800'0e74   0x624  stm32f10x_tim.o [1]
  .text              ro code   0x800'1498   0x1ec  PI_Cale.o [1]
  .text              ro code   0x800'1684    0x1a  U32ToDbl.o [3]
  .text              ro code   0x800'169e    0x3a  zero_init3.o [4]
  .text              ro code   0x800'16d8   0x1a2  DblMul.o [3]
  .text              ro code   0x800'187c   0x17a  DblAdd.o [3]
  .text              ro code   0x800'19f8    0x3a  DblToS32.o [3]
  .text              ro code   0x800'1a34   0x2a4  stm32f10x_adc.o [1]
  .text              ro code   0x800'1cd8   0x1c4  stm32f10x_gpio.o [1]
  .text              ro code   0x800'1e9c    0x38  SysConfig.o [1]
  .text              ro code   0x800'1ed4    0xb4  stm32f10x_rcc.o [1]
  .text              ro code   0x800'1f88    0x22  S32ToDbl.o [3]
  .text              ro code   0x800'1fac    0xe2  DblSub.o [3]
  .text              ro code   0x800'2090   0x4c0  Analog.o [1]
  .text              ro code   0x800'2550    0x80  misc.o [1]
  .text              ro code   0x800'25d0    0x58  stm32f10x_dma.o [1]
  .text              ro code   0x800'2628    0x1c  U32ToFlt.o [3]
  .text              ro code   0x800'2644   0x134  main.o [1]
  .text              ro code   0x800'2778   0x100  GPIO_Init.o [1]
  .text              ro code   0x800'2878    0xb4  stm32f10x_exti.o [1]
  .text              ro code   0x800'292c   0x11c  Timer_ISR.o [1]
  .text              ro code   0x800'2a48   0x118  system_stm32f10x.o [1]
  .text              ro code   0x800'2b60    0x8e  stm32f10x_usart.o [1]
  .text              ro code   0x800'2bee    0x38  packbits_init_single.o [4]
  .text              ro code   0x800'2c28    0x34  USART.o [1]
  .text              ro code   0x800'2c5c    0x28  data_init.o [4]
  .iar.init_table    const     0x800'2c84    0x20  - Linker created -
  .text              ro code   0x800'2ca4    0x1e  cmain.o [4]
  .text              ro code   0x800'2cc2     0x4  low_level_init.o [2]
  .text              ro code   0x800'2cc6     0x4  exit.o [2]
  .text              ro code   0x800'2ccc     0xa  cexit.o [4]
  .text              ro code   0x800'2cd8    0x14  exit.o [5]
  .text              ro code   0x800'2cec    0x12  stm32f10x_it.o [1]
  .text              ro code   0x800'2d00    0x10  startup_stm32f10x_md.o [1]
  .text              ro code   0x800'2d10     0xc  cstartup_M.o [4]
  .text              ro code   0x800'2d1c     0x4  startup_stm32f10x_md.o [1]
  .text              ro code   0x800'2d20     0x4  startup_stm32f10x_md.o [1]
  .text              ro code   0x800'2d24     0x4  startup_stm32f10x_md.o [1]
  .text              ro code   0x800'2d28     0x4  startup_stm32f10x_md.o [1]
  .text              ro code   0x800'2d2c     0x4  startup_stm32f10x_md.o [1]
  .text              ro code   0x800'2d30     0x4  startup_stm32f10x_md.o [1]
  .text              ro code   0x800'2d34     0x4  startup_stm32f10x_md.o [1]
  .text              ro code   0x800'2d38     0x4  startup_stm32f10x_md.o [1]
  .text              ro code   0x800'2d3c     0x4  startup_stm32f10x_md.o [1]
  .text              ro code   0x800'2d40     0x4  startup_stm32f10x_md.o [1]
  .text              ro code   0x800'2d44     0x4  startup_stm32f10x_md.o [1]
  .text              ro code   0x800'2d48     0x4  startup_stm32f10x_md.o [1]
  .text              ro code   0x800'2d4c     0x4  startup_stm32f10x_md.o [1]
  .text              ro code   0x800'2d50     0x4  startup_stm32f10x_md.o [1]
  .text              ro code   0x800'2d54     0x4  startup_stm32f10x_md.o [1]
  .text              ro code   0x800'2d58     0x4  startup_stm32f10x_md.o [1]
  .text              ro code   0x800'2d5c     0x4  startup_stm32f10x_md.o [1]
  .text              ro code   0x800'2d60     0x4  startup_stm32f10x_md.o [1]
  .text              ro code   0x800'2d64     0x4  startup_stm32f10x_md.o [1]
  .text              ro code   0x800'2d68     0x4  startup_stm32f10x_md.o [1]
  .text              ro code   0x800'2d6c     0x4  startup_stm32f10x_md.o [1]
  .text              ro code   0x800'2d70     0x4  startup_stm32f10x_md.o [1]
  .text              ro code   0x800'2d74     0x4  startup_stm32f10x_md.o [1]
  .text              ro code   0x800'2d78     0x4  startup_stm32f10x_md.o [1]
  .text              ro code   0x800'2d7c     0x4  startup_stm32f10x_md.o [1]
  .text              ro code   0x800'2d80     0x4  startup_stm32f10x_md.o [1]
  .text              ro code   0x800'2d84     0x4  startup_stm32f10x_md.o [1]
  .text              ro code   0x800'2d88     0x4  startup_stm32f10x_md.o [1]
  .text              ro code   0x800'2d8c     0x4  startup_stm32f10x_md.o [1]
  .text              ro code   0x800'2d90     0x4  startup_stm32f10x_md.o [1]
  .text              ro code   0x800'2d94     0x4  startup_stm32f10x_md.o [1]
  .text              ro code   0x800'2d98     0x4  startup_stm32f10x_md.o [1]
  .text              ro code   0x800'2d9c     0x4  startup_stm32f10x_md.o [1]
  .text              ro code   0x800'2da0     0x4  startup_stm32f10x_md.o [1]
  .text              ro code   0x800'2da4     0x4  startup_stm32f10x_md.o [1]
  .text              ro code   0x800'2da8     0x4  startup_stm32f10x_md.o [1]
  .text              ro code   0x800'2dac     0x4  startup_stm32f10x_md.o [1]
  .text              ro code   0x800'2db0     0x4  startup_stm32f10x_md.o [1]
  .text              ro code   0x800'2db4     0x4  startup_stm32f10x_md.o [1]
  .text              ro code   0x800'2db8     0x4  startup_stm32f10x_md.o [1]
  .text              ro code   0x800'2dbc     0x4  startup_stm32f10x_md.o [1]
  .text              ro code   0x800'2dc0     0x4  startup_stm32f10x_md.o [1]
  .text              ro code   0x800'2dc4     0x4  startup_stm32f10x_md.o [1]
  .text              ro code   0x800'2dc8     0x4  startup_stm32f10x_md.o [1]
  .text              ro code   0x800'2dcc     0x4  startup_stm32f10x_md.o [1]
  .text              ro code   0x800'2dd0     0x4  startup_stm32f10x_md.o [1]
  .text              ro code   0x800'2dd4     0x4  startup_stm32f10x_md.o [1]
  .text              ro code   0x800'2dd8     0x4  startup_stm32f10x_md.o [1]
  .text              ro code   0x800'2ddc     0x4  startup_stm32f10x_md.o [1]
  .text              ro code   0x800'2de0     0x4  startup_stm32f10x_md.o [1]
  .text              ro code   0x800'2de4     0x4  startup_stm32f10x_md.o [1]
  .text              ro code   0x800'2de8     0x4  startup_stm32f10x_md.o [1]
  .rodata            const     0x800'2dec     0x0  zero_init3.o [4]
  .rodata            const     0x800'2dec     0x0  packbits_init_single.o [4]
  Initializer bytes  const     0x800'2dec    0x21  <for P2-1>
                             - 0x800'2e0d  0x2d21

"P2", part 1 of 3:                           0x66
  P2-1                        0x2000'0000    0x66  <Init block>
    .data            inited   0x2000'0000    0x34  BLDC.o [1]
    .data            inited   0x2000'0034    0x2c  PI_Cale.o [1]
    .data            inited   0x2000'0060     0x4  system_stm32f10x.o [1]
    .data            inited   0x2000'0064     0x2  PI_Cale.o [1]
                            - 0x2000'0066    0x66

"P2", part 2 of 3:                          0x478
  .bss               zero     0x2000'0068    0xc8  Analog.o [1]
  .bss               zero     0x2000'0130    0xc8  Analog.o [1]
  .bss               zero     0x2000'01f8    0xc8  Analog.o [1]
  .bss               zero     0x2000'02c0    0xc8  BLDC.o [1]
  .bss               zero     0x2000'0388    0xc8  BLDC.o [1]
  .bss               zero     0x2000'0450    0x28  PI_Cale.o [1]
  .bss               zero     0x2000'0478    0x20  Analog.o [1]
  .bss               zero     0x2000'0498    0x20  BLDC.o [1]
  .bss               zero     0x2000'04b8     0x4  Analog.o [1]
  .bss               zero     0x2000'04bc     0x4  Analog.o [1]
  .bss               zero     0x2000'04c0     0x2  Analog.o [1]
  .bss               zero     0x2000'04c2     0x2  Analog.o [1]
  .bss               zero     0x2000'04c4     0x2  Analog.o [1]
  .bss               zero     0x2000'04c6     0x2  Analog.o [1]
  .bss               zero     0x2000'04c8     0x2  BLDC.o [1]
  .bss               zero     0x2000'04ca     0x2  PI_Cale.o [1]
  .bss               zero     0x2000'04cc     0x2  PI_Cale.o [1]
  .bss               zero     0x2000'04ce     0x2  Timer_ISR.o [1]
  .bss               zero     0x2000'04d0     0x2  Timer_ISR.o [1]
  .bss               zero     0x2000'04d2     0x1  Analog.o [1]
  .bss               zero     0x2000'04d3     0x1  BLDC.o [1]
  .bss               zero     0x2000'04d4     0x1  BLDC.o [1]
  .bss               zero     0x2000'04d5     0x1  BLDC.o [1]
  .bss               zero     0x2000'04d6     0x1  BLDC.o [1]
  .bss               zero     0x2000'04d7     0x1  BLDC.o [1]
  .bss               zero     0x2000'04d8     0x1  BLDC.o [1]
  .bss               zero     0x2000'04d9     0x1  BLDC.o [1]
  .bss               zero     0x2000'04da     0x1  BLDC.o [1]
  .bss               zero     0x2000'04db     0x1  BLDC.o [1]
  .bss               zero     0x2000'04dc     0x1  BLDC.o [1]
  .bss               zero     0x2000'04dd     0x1  BLDC.o [1]
                            - 0x2000'04de   0x476

"P2", part 3 of 3:                          0x800
  CSTACK                      0x2000'04e0   0x800  <Block>
    CSTACK           uninit   0x2000'04e0   0x800  <Block tail>
                            - 0x2000'0ce0   0x800

Unused ranges:

         From           To    Size
         ----           --    ----
   0x800'2e0d   0x800'ffff  0xd1f3
  0x2000'0066  0x2000'0067     0x2
  0x2000'0ce0  0x2000'4fff  0x4320


*******************************************************************************
*** INIT TABLE
***

          Address      Size
          -------      ----
Zero (__iar_zero_init3)
    1 destination range, total size 0x476:
          0x2000'0068  0x476

Copy/packbits (__iar_packbits_init_single3)
    1 source range, total size 0x21 (32% of destination):
           0x800'2dec   0x21
    1 destination range, total size 0x66:
          0x2000'0000   0x66



*******************************************************************************
*** MODULE SUMMARY
***

    Module                  ro code  ro data  rw data
    ------                  -------  -------  -------
command line/config:
    -------------------------------------------------
    Total:

C:\Users\Hanfang Su\Desktop\科研\Mortor\BLDC_1130_IAR\Debug\Obj: [1]
    Analog.o                  1 216               649
    BLDC.o                    2 004       16      497
    GPIO_Init.o                 256
    PI_Cale.o                   492       16       90
    SysConfig.o                  56
    Timer.o                   1 460
    Timer_ISR.o                 284                 4
    USART.o                      52
    main.o                      308
    misc.o                      128
    startup_stm32f10x_md.o      460
    stm32f10x_adc.o             676
    stm32f10x_dma.o              88
    stm32f10x_exti.o            180
    stm32f10x_gpio.o            452
    stm32f10x_it.o               18
    stm32f10x_rcc.o             180
    stm32f10x_tim.o           1 572
    stm32f10x_usart.o           142
    system_stm32f10x.o          280        1        4
    -------------------------------------------------
    Total:                   10 304       33    1 244

dl7M_tlf.a: [2]
    exit.o                        4
    low_level_init.o              4
    -------------------------------------------------
    Total:                        8

m7M_tl.a: [3]
    DblAdd.o                    378
    DblMul.o                    418
    DblSub.o                    226
    DblToS32.o                   58
    S32ToDbl.o                   34
    U32ToDbl.o                   26
    U32ToFlt.o                   28
    -------------------------------------------------
    Total:                    1 168

rt7M_tl.a: [4]
    cexit.o                      10
    cmain.o                      30
    cstartup_M.o                 12
    data_init.o                  40
    packbits_init_single.o       56
    zero_init3.o                 58
    -------------------------------------------------
    Total:                      206

shb_l.a: [5]
    exit.o                       20
    -------------------------------------------------
    Total:                       20

    Gaps                         18
    Linker created                        32    2 048
-----------------------------------------------------
    Grand Total:             11 724       65    3 292


*******************************************************************************
*** ENTRY LIST
***

Entry                       Address   Size  Type      Object
-----                       -------   ----  ----      ------
.iar.init_table$$Base    0x800'2c84          --   Gb  - Linker created -
.iar.init_table$$Limit   0x800'2ca4          --   Gb  - Linker created -
?main                    0x800'2ca5         Code  Gb  cmain.o [4]
ADCIntProtectCnt        0x2000'04ce    0x2  Data  Gb  Timer_ISR.o [1]
ADC_Cmd                  0x800'1a7f   0x1a  Code  Gb  stm32f10x_adc.o [1]
ADC_Configuration        0x800'2133  0x164  Code  Gb  Analog.o [1]
ADC_DMACmd               0x800'1a99   0x1a  Code  Gb  stm32f10x_adc.o [1]
ADC_ExternalTrigInjectedConvCmd
                         0x800'1bd9   0x1a  Code  Gb  stm32f10x_adc.o [1]
ADC_ExternalTrigInjectedConvConfig
                         0x800'1bcb    0xe  Code  Gb  stm32f10x_adc.o [1]
ADC_GetCalibrationStatus
                         0x800'1ad9   0x12  Code  Gb  stm32f10x_adc.o [1]
ADC_GetInjectedConversionValue
                         0x800'1c8f   0x1c  Code  Gb  stm32f10x_adc.o [1]
ADC_GetResetCalibrationStatus
                         0x800'1abd   0x12  Code  Gb  stm32f10x_adc.o [1]
ADC_Init                 0x800'1a35   0x4a  Code  Gb  stm32f10x_adc.o [1]
ADC_InjectedChannelConfig
                         0x800'1bf3   0x86  Code  Gb  stm32f10x_adc.o [1]
ADC_InjectedSequencerLengthConfig
                         0x800'1c79   0x16  Code  Gb  stm32f10x_adc.o [1]
ADC_RegularChannelConfig
                         0x800'1b05   0xc6  Code  Gb  stm32f10x_adc.o [1]
ADC_ResetCalibration     0x800'1ab3    0xa  Code  Gb  stm32f10x_adc.o [1]
ADC_SoftwareStartConvCmd
                         0x800'1aeb   0x1a  Code  Gb  stm32f10x_adc.o [1]
ADC_StartCalibration     0x800'1acf    0xa  Code  Gb  stm32f10x_adc.o [1]
ADC_TempSensorVrefintCmd
                         0x800'1cab   0x1e  Code  Gb  stm32f10x_adc.o [1]
Align_pos_check_proc     0x800'07fd   0x24  Code  Gb  BLDC.o [1]
Angle_Dealwith           0x800'24e1   0x28  Code  Gb  Analog.o [1]
BLDC_GPIO_Config         0x800'2779   0x62  Code  Gb  GPIO_Init.o [1]
BemfCheck                0x800'2297  0x210  Code  Gb  Analog.o [1]
BemfCheck::U_Array      0x2000'0068   0xc8  Data  Lc  Analog.o [1]
BemfCheck::V_Array      0x2000'0130   0xc8  Data  Lc  Analog.o [1]
BemfCheck::W_Array      0x2000'01f8   0xc8  Data  Lc  Analog.o [1]
BemfCheck::u_idx        0x2000'04c6    0x2  Data  Lc  Analog.o [1]
BusFault_Handler         0x800'2cf3    0x2  Code  Gb  stm32f10x_it.o [1]
CSTACK$$Base            0x2000'04e0          --   Gb  - Linker created -
CSTACK$$Limit           0x2000'0ce0          --   Gb  - Linker created -
Cal_AverCurrent          0x800'24a7   0x12  Code  Gb  Analog.o [1]
CalcSpeedTime            0x800'1499   0x40  Code  Gb  PI_Cale.o [1]
Change_Voltage           0x800'0349  0x218  Code  Gb  BLDC.o [1]
DMA_Cmd                  0x800'260d   0x1c  Code  Gb  stm32f10x_dma.o [1]
DMA_Init                 0x800'25d1   0x3c  Code  Gb  stm32f10x_dma.o [1]
DebugMon_Handler         0x800'2cf9    0x2  Code  Gb  stm32f10x_it.o [1]
Delay_ms                 0x800'1e9d   0x2c  Code  Gb  SysConfig.o [1]
EXTI15_10_IRQHandler     0x800'2833   0x32  Code  Gb  GPIO_Init.o [1]
EXTI_ClearITPendingBit   0x800'2911    0x6  Code  Gb  stm32f10x_exti.o [1]
EXTI_GetITStatus         0x800'28f1   0x20  Code  Gb  stm32f10x_exti.o [1]
EXTI_Init                0x800'2879   0x78  Code  Gb  stm32f10x_exti.o [1]
EnterDragInit            0x800'01ab   0x34  Code  Gb  BLDC.o [1]
EnterRunInit             0x800'01df   0x4c  Code  Gb  BLDC.o [1]
Exti_Config              0x800'27db   0x58  Code  Gb  GPIO_Init.o [1]
Filter_Count            0x2000'04d2    0x1  Data  Gb  Analog.o [1]
Flag_Charger            0x2000'04d9    0x1  Data  Gb  BLDC.o [1]
Flag_OverCurr           0x2000'04da    0x1  Data  Gb  BLDC.o [1]
Flag_adc                0x2000'04d8    0x1  Data  Gb  BLDC.o [1]
GPIO_EXTILineConfig      0x800'1e41   0x50  Code  Gb  stm32f10x_gpio.o [1]
GPIO_Init                0x800'1cd9   0xc0  Code  Gb  stm32f10x_gpio.o [1]
GPIO_PinRemapConfig      0x800'1db9   0x88  Code  Gb  stm32f10x_gpio.o [1]
GPIO_ReadInputDataBit    0x800'1d99   0x14  Code  Gb  stm32f10x_gpio.o [1]
GPIO_ResetBits           0x800'1db3    0x6  Code  Gb  stm32f10x_gpio.o [1]
GPIO_SetBits             0x800'1dad    0x6  Code  Gb  stm32f10x_gpio.o [1]
Global_Current          0x2000'04c2    0x2  Data  Gb  Analog.o [1]
HardFault_Handler        0x800'2cef    0x2  Code  Gb  stm32f10x_it.o [1]
IncPIDCalc               0x800'150f   0x74  Code  Gb  PI_Cale.o [1]
IncPIDInit               0x800'14d9   0x36  Code  Gb  PI_Cale.o [1]
Instant_Current_Cale     0x800'24b9   0x28  Code  Gb  Analog.o [1]
Limit_speed_duty        0x2000'0064    0x2  Data  Gb  PI_Cale.o [1]
MOS_Q15PWM               0x800'0c17   0x60  Code  Gb  Timer.o [1]
MOS_Q16PWM               0x800'0c77   0x60  Code  Gb  Timer.o [1]
MOS_Q24PWM               0x800'0d37   0x60  Code  Gb  Timer.o [1]
MOS_Q26PWM               0x800'0cd7   0x60  Code  Gb  Timer.o [1]
MOS_Q34PWM               0x800'0d97   0x60  Code  Gb  Timer.o [1]
MOS_Q35PWM               0x800'0df7   0x60  Code  Gb  Timer.o [1]
Mask_TIME               0x2000'04c4    0x2  Data  Gb  Analog.o [1]
MasterState             0x2000'04d3    0x1  Data  Gb  BLDC.o [1]
MemManage_Handler        0x800'2cf1    0x2  Code  Gb  stm32f10x_it.o [1]
Motor                   0x2000'0000   0x34  Data  Gb  BLDC.o [1]
MotorControl             0x800'05d3   0x3c  Code  Gb  BLDC.o [1]
MotorInit                0x800'0133   0x78  Code  Gb  BLDC.o [1]
MotorStop                0x800'060f   0xc4  Code  Gb  BLDC.o [1]
NMI_Handler              0x800'2ced    0x2  Code  Gb  stm32f10x_it.o [1]
NVIC_Configuration       0x800'2091   0xa2  Code  Gb  Analog.o [1]
NVIC_Init                0x800'255b   0x60  Code  Gb  misc.o [1]
NVIC_PriorityGroupConfig
                         0x800'2551    0xa  Code  Gb  misc.o [1]
PID_Speed               0x2000'0034   0x2c  Data  Gb  PI_Cale.o [1]
PendSV_Handler           0x800'2cfb    0x2  Code  Gb  stm32f10x_it.o [1]
RCC_ADCCLKConfig         0x800'1ed5   0x10  Code  Gb  stm32f10x_rcc.o [1]
RCC_AHBPeriphClockCmd    0x800'1ee5   0x1c  Code  Gb  stm32f10x_rcc.o [1]
RCC_APB1PeriphClockCmd   0x800'1f1d   0x1c  Code  Gb  stm32f10x_rcc.o [1]
RCC_APB1PeriphResetCmd   0x800'1f55   0x1c  Code  Gb  stm32f10x_rcc.o [1]
RCC_APB2PeriphClockCmd   0x800'1f01   0x1c  Code  Gb  stm32f10x_rcc.o [1]
RCC_APB2PeriphResetCmd   0x800'1f39   0x1c  Code  Gb  stm32f10x_rcc.o [1]
Region$$Table$$Base      0x800'2c84          --   Gb  - Linker created -
Region$$Table$$Limit     0x800'2ca4          --   Gb  - Linker created -
RegularConvData_Tab     0x2000'04bc    0x4  Data  Gb  Analog.o [1]
SVC_Handler              0x800'2cf7    0x2  Code  Gb  stm32f10x_it.o [1]
SetSysClock              0x800'2a8d    0x8  Code  Lc  system_stm32f10x.o [1]
SetSysClockTo72          0x800'2a95   0xae  Code  Lc  system_stm32f10x.o [1]
SpeedController          0x800'1583   0xbe  Code  Gb  PI_Cale.o [1]
SpeedController{1}{2}{3}{4}::DutyInc
                        0x2000'04cc    0x2  Data  Lc  PI_Cale.o [1]
SpeedController{1}{2}{3}{4}::temp
                        0x2000'04ca    0x2  Data  Lc  PI_Cale.o [1]
Start_Motor              0x800'0bcb   0x4c  Code  Gb  Timer.o [1]
StartupDrag              0x800'022b  0x11e  Code  Gb  BLDC.o [1]
StartupDrag::ChangeTimeArray
                        0x2000'02c0   0xc8  Data  Lc  BLDC.o [1]
StartupDrag::U_Vol      0x2000'0388   0xc8  Data  Lc  BLDC.o [1]
StartupDrag::idx        0x2000'04c8    0x2  Data  Lc  BLDC.o [1]
Startup_Turn             0x800'0561   0x72  Code  Gb  BLDC.o [1]
SysTick_Handler          0x800'2cfd    0x2  Code  Gb  stm32f10x_it.o [1]
Sys_Variable_Init        0x800'00ed   0x46  Code  Gb  BLDC.o [1]
SystemCoreClock         0x2000'0060    0x4  Data  Gb  system_stm32f10x.o [1]
SystemInit               0x800'2a49   0x44  Code  Gb  system_stm32f10x.o [1]
Sysvariable             0x2000'0498   0x20  Data  Gb  BLDC.o [1]
TIM1_CC_IRQHandler       0x800'29d1   0x4a  Code  Gb  Timer_ISR.o [1]
TIM1_Config              0x800'09af  0x21c  Code  Gb  Timer.o [1]
TIM2_Config              0x800'08c1   0x58  Code  Gb  Timer.o [1]
TIM2_IRQHandler          0x800'292d   0x1c  Code  Gb  Timer_ISR.o [1]
TIM3_Config              0x800'0919   0x4a  Code  Gb  Timer.o [1]
TIM3_IRQHandler          0x800'2949   0x5c  Code  Gb  Timer_ISR.o [1]
TIM4_Config              0x800'0963   0x4c  Code  Gb  Timer.o [1]
TIM4_IRQHandler          0x800'29a5   0x2c  Code  Gb  Timer_ISR.o [1]
TIM_ARRPreloadConfig     0x800'1369   0x1c  Code  Gb  stm32f10x_tim.o [1]
TIM_BDTRConfig           0x800'12f3   0x20  Code  Gb  stm32f10x_tim.o [1]
TIM_CCxCmd               0x800'13c9   0x20  Code  Gb  stm32f10x_tim.o [1]
TIM_CCxNCmd              0x800'13e9   0x20  Code  Gb  stm32f10x_tim.o [1]
TIM_ClearFlag            0x800'141f    0x8  Code  Gb  stm32f10x_tim.o [1]
TIM_ClearITPendingBit    0x800'144b    0x8  Code  Gb  stm32f10x_tim.o [1]
TIM_Cmd                  0x800'1313   0x1c  Code  Gb  stm32f10x_tim.o [1]
TIM_CtrlPWMOutputs       0x800'132f   0x22  Code  Gb  stm32f10x_tim.o [1]
TIM_DeInit               0x800'0e75  0x1de  Code  Gb  stm32f10x_tim.o [1]
TIM_GetITStatus          0x800'1427   0x24  Code  Gb  stm32f10x_tim.o [1]
TIM_ITConfig             0x800'1351   0x18  Code  Gb  stm32f10x_tim.o [1]
TIM_OC1Init              0x800'10e5   0x94  Code  Gb  stm32f10x_tim.o [1]
TIM_OC1PreloadConfig     0x800'1385   0x10  Code  Gb  stm32f10x_tim.o [1]
TIM_OC2Init              0x800'1179   0x8a  Code  Gb  stm32f10x_tim.o [1]
TIM_OC2PreloadConfig     0x800'1395   0x12  Code  Gb  stm32f10x_tim.o [1]
TIM_OC3Init              0x800'1203   0x88  Code  Gb  stm32f10x_tim.o [1]
TIM_OC3PreloadConfig     0x800'13a7   0x10  Code  Gb  stm32f10x_tim.o [1]
TIM_OC4Init              0x800'128b   0x68  Code  Gb  stm32f10x_tim.o [1]
TIM_OC4PreloadConfig     0x800'13b7   0x12  Code  Gb  stm32f10x_tim.o [1]
TIM_SetCompare1          0x800'140d    0x4  Code  Gb  stm32f10x_tim.o [1]
TIM_SetCompare2          0x800'1411    0x4  Code  Gb  stm32f10x_tim.o [1]
TIM_SetCompare3          0x800'1415    0x4  Code  Gb  stm32f10x_tim.o [1]
TIM_SetCompare4          0x800'1419    0x6  Code  Gb  stm32f10x_tim.o [1]
TIM_SetCounter           0x800'1409    0x4  Code  Gb  stm32f10x_tim.o [1]
TIM_TimeBaseInit         0x800'1053   0x92  Code  Gb  stm32f10x_tim.o [1]
TuneDutyRatioCnt        0x2000'04d0    0x2  Data  Gb  Timer_ISR.o [1]
USART1_IRQHandler        0x800'2c29   0x30  Code  Gb  USART.o [1]
USART_GetFlagStatus      0x800'2b71   0x1a  Code  Gb  stm32f10x_usart.o [1]
USART_GetITStatus        0x800'2b8b   0x64  Code  Gb  stm32f10x_usart.o [1]
USART_ReceiveData        0x800'2b69    0x8  Code  Gb  stm32f10x_usart.o [1]
USART_SendData           0x800'2b61    0x8  Code  Gb  stm32f10x_usart.o [1]
UsageFault_Handler       0x800'2cf5    0x2  Code  Gb  stm32f10x_it.o [1]
UserRequireSpeed        0x2000'04c0    0x2  Data  Gb  Analog.o [1]
UserSpeedControl         0x800'0717   0xe6  Code  Gb  BLDC.o [1]
UserSpeedControl::RheostatCnt0
                        0x2000'04dc    0x1  Data  Lc  BLDC.o [1]
UserSpeedControl::RheostatCnt1
                        0x2000'04dd    0x1  Data  Lc  BLDC.o [1]
UserSpeedControlInit     0x800'06d3   0x44  Code  Gb  BLDC.o [1]
UserSpeedControlInit::RheostatCnt0
                        0x2000'04db    0x1  Data  Lc  BLDC.o [1]
__aeabi_d2iz             0x800'19f9         Code  Gb  DblToS32.o [3]
__aeabi_dadd             0x800'187d         Code  Gb  DblAdd.o [3]
__aeabi_dmul             0x800'16d9         Code  Gb  DblMul.o [3]
__aeabi_dsub             0x800'1fad         Code  Gb  DblSub.o [3]
__aeabi_i2d              0x800'1f89         Code  Gb  S32ToDbl.o [3]
__aeabi_ui2d             0x800'1685         Code  Gb  U32ToDbl.o [3]
__aeabi_ui2f             0x800'2629         Code  Gb  U32ToFlt.o [3]
__cmain                  0x800'2ca5         Code  Gb  cmain.o [4]
__exit                   0x800'2cd9   0x14  Code  Gb  exit.o [5]
__iar_dadd               0x800'1fbd         Code  Gb  DblSub.o [3]
__iar_data_init3         0x800'2c5d   0x28  Code  Gb  data_init.o [4]
__iar_dsub               0x800'188d         Code  Gb  DblAdd.o [3]
__iar_dsubStart          0x800'189f         Code  Gb  DblAdd.o [3]
__iar_packbits_init_single3
                         0x800'2bef   0x38  Code  Gb  packbits_init_single.o [4]
__iar_program_start      0x800'2d11         Code  Gb  cstartup_M.o [4]
__iar_zero_init3         0x800'169f   0x3a  Code  Gb  zero_init3.o [4]
__low_level_init         0x800'2cc3    0x4  Code  Gb  low_level_init.o [2]
__vector_table           0x800'0000         Data  Gb  startup_stm32f10x_md.o [1]
_call_main               0x800'2cb1         Code  Gb  cmain.o [4]
_exit                    0x800'2ccd         Code  Gb  cexit.o [4]
_main                    0x800'2cbf         Code  Gb  cmain.o [4]
bldc_pid                0x2000'0450   0x28  Data  Gb  PI_Cale.o [1]
exit                     0x800'2cc7    0x4  Code  Gb  exit.o [2]
main                     0x800'2645  0x134  Code  Gb  main.o [1]
mcCurOffset             0x2000'0478   0x20  Data  Gb  Analog.o [1]
mcFault                 0x2000'04d5    0x1  Data  Gb  BLDC.o [1]
mcState                 0x2000'04d4    0x1  Data  Gb  BLDC.o [1]
pos_check_stage         0x2000'04d6    0x1  Data  Gb  BLDC.o [1]
pos_idx                 0x2000'04d7    0x1  Data  Gb  BLDC.o [1]
sysflags                0x2000'04b8    0x4  Data  Gb  Analog.o [1]


[1] = C:\Users\Hanfang Su\Desktop\科研\Mortor\BLDC_1130_IAR\Debug\Obj
[2] = dl7M_tlf.a
[3] = m7M_tl.a
[4] = rt7M_tl.a
[5] = shb_l.a

  11 724 bytes of readonly  code memory
      65 bytes of readonly  data memory
   3 292 bytes of readwrite data memory

Errors: none
Warnings: none
