###############################################################################
#
# IAR ELF Linker V8.32.1.169/W32 for ARM                  30/Nov/2023  16:51:30
# Copyright 2007-2018 IAR Systems AB.
#
#    Output file  =  
#        C:\Users\Hanfang
#        Su\Desktop\科研\Mortor\BLDC_1130_IAR\Debug\Exe\BLDC_1130.out
#    Map file     =  
#        C:\Users\Hanfang
#        Su\Desktop\科研\Mortor\BLDC_1130_IAR\Debug\List\BLDC_1130.map
#    Command line =  
#        -f C:\Users\HANFAN~1\AppData\Local\Temp\EW5661.tmp ("C:\Users\Hanfang
#        Su\Desktop\科研\Mortor\BLDC_1130_IAR\Debug\Obj\Analog.o"
#        "C:\Users\Hanfang
#        Su\Desktop\科研\Mortor\BLDC_1130_IAR\Debug\Obj\BLDC.o"
#        "C:\Users\Hanfang
#        Su\Desktop\科研\Mortor\BLDC_1130_IAR\Debug\Obj\GPIO_Init.o"
#        "C:\Users\Hanfang
#        Su\Desktop\科研\Mortor\BLDC_1130_IAR\Debug\Obj\main.o"
#        "C:\Users\Hanfang
#        Su\Desktop\科研\Mortor\BLDC_1130_IAR\Debug\Obj\misc.o"
#        "C:\Users\Hanfang
#        Su\Desktop\科研\Mortor\BLDC_1130_IAR\Debug\Obj\PI_Cale.o"
#        "C:\Users\Hanfang
#        Su\Desktop\科研\Mortor\BLDC_1130_IAR\Debug\Obj\startup_stm32f10x_md.o"
#        "C:\Users\Hanfang
#        Su\Desktop\科研\Mortor\BLDC_1130_IAR\Debug\Obj\stm32f10x_adc.o"
#        "C:\Users\Hanfang
#        Su\Desktop\科研\Mortor\BLDC_1130_IAR\Debug\Obj\stm32f10x_bkp.o"
#        "C:\Users\Hanfang
#        Su\Desktop\科研\Mortor\BLDC_1130_IAR\Debug\Obj\stm32f10x_can.o"
#        "C:\Users\Hanfang
#        Su\Desktop\科研\Mortor\BLDC_1130_IAR\Debug\Obj\stm32f10x_cec.o"
#        "C:\Users\Hanfang
#        Su\Desktop\科研\Mortor\BLDC_1130_IAR\Debug\Obj\stm32f10x_crc.o"
#        "C:\Users\Hanfang
#        Su\Desktop\科研\Mortor\BLDC_1130_IAR\Debug\Obj\stm32f10x_dac.o"
#        "C:\Users\Hanfang
#        Su\Desktop\科研\Mortor\BLDC_1130_IAR\Debug\Obj\stm32f10x_dbgmcu.o"
#        "C:\Users\Hanfang
#        Su\Desktop\科研\Mortor\BLDC_1130_IAR\Debug\Obj\stm32f10x_dma.o"
#        "C:\Users\Hanfang
#        Su\Desktop\科研\Mortor\BLDC_1130_IAR\Debug\Obj\stm32f10x_exti.o"
#        "C:\Users\Hanfang
#        Su\Desktop\科研\Mortor\BLDC_1130_IAR\Debug\Obj\stm32f10x_flash.o"
#        "C:\Users\Hanfang
#        Su\Desktop\科研\Mortor\BLDC_1130_IAR\Debug\Obj\stm32f10x_fsmc.o"
#        "C:\Users\Hanfang
#        Su\Desktop\科研\Mortor\BLDC_1130_IAR\Debug\Obj\stm32f10x_gpio.o"
#        "C:\Users\Hanfang
#        Su\Desktop\科研\Mortor\BLDC_1130_IAR\Debug\Obj\stm32f10x_i2c.o"
#        "C:\Users\Hanfang
#        Su\Desktop\科研\Mortor\BLDC_1130_IAR\Debug\Obj\stm32f10x_it.o"
#        "C:\Users\Hanfang
#        Su\Desktop\科研\Mortor\BLDC_1130_IAR\Debug\Obj\stm32f10x_iwdg.o"
#        "C:\Users\Hanfang
#        Su\Desktop\科研\Mortor\BLDC_1130_IAR\Debug\Obj\stm32f10x_pwr.o"
#        "C:\Users\Hanfang
#        Su\Desktop\科研\Mortor\BLDC_1130_IAR\Debug\Obj\stm32f10x_rcc.o"
#        "C:\Users\Hanfang
#        Su\Desktop\科研\Mortor\BLDC_1130_IAR\Debug\Obj\stm32f10x_rtc.o"
#        "C:\Users\Hanfang
#        Su\Desktop\科研\Mortor\BLDC_1130_IAR\Debug\Obj\stm32f10x_sdio.o"
#        "C:\Users\Hanfang
#        Su\Desktop\科研\Mortor\BLDC_1130_IAR\Debug\Obj\stm32f10x_spi.o"
#        "C:\Users\Hanfang
#        Su\Desktop\科研\Mortor\BLDC_1130_IAR\Debug\Obj\stm32f10x_tim.o"
#        "C:\Users\Hanfang
#        Su\Desktop\科研\Mortor\BLDC_1130_IAR\Debug\Obj\stm32f10x_usart.o"
#        "C:\Users\Hanfang
#        Su\Desktop\科研\Mortor\BLDC_1130_IAR\Debug\Obj\stm32f10x_wwdg.o"
#        "C:\Users\Hanfang
#        Su\Desktop\科研\Mortor\BLDC_1130_IAR\Debug\Obj\SysConfig.o"
#        "C:\Users\Hanfang
#        Su\Desktop\科研\Mortor\BLDC_1130_IAR\Debug\Obj\system_stm32f10x.o"
#        "C:\Users\Hanfang
#        Su\Desktop\科研\Mortor\BLDC_1130_IAR\Debug\Obj\Timer.o"
#        "C:\Users\Hanfang
#        Su\Desktop\科研\Mortor\BLDC_1130_IAR\Debug\Obj\Timer_ISR.o"
#        "C:\Users\Hanfang
#        Su\Desktop\科研\Mortor\BLDC_1130_IAR\Debug\Obj\USART.o"
#        --no_out_extension -o "C:\Users\Hanfang
#        Su\Desktop\科研\Mortor\BLDC_1130_IAR\Debug\Exe\BLDC_1130.out" --map
#        "C:\Users\Hanfang
#        Su\Desktop\科研\Mortor\BLDC_1130_IAR\Debug\List\BLDC_1130.map"
#        --config D:\IAR\arm\config\linker\ST\stm32f103x8.icf --semihosting
#        --entry __iar_program_start --vfe --text_out locale)
#
###############################################################################

*******************************************************************************
*** RUNTIME MODEL ATTRIBUTES
***

CppFlavor       = *
__SystemLibrary = DLib
__dlib_version  = 6


*******************************************************************************
*** HEAP SELECTION
***

The basic heap was selected because no calls to memory allocation
functions were found in the application outside of system library
functions, and there are calls to deallocation functions in the
application.


*******************************************************************************
*** PLACEMENT SUMMARY
***

"A0":  place at 0x800'0000 { ro section .intvec };
"P1":  place in [from 0x800'0000 to 0x800'ffff] { ro };
define block CSTACK with size = 2K, alignment = 8 { };
define block HEAP with size = 2K, alignment = 8 { };
"P2":  place in [from 0x2000'0000 to 0x2000'4fff] {
          rw, block CSTACK, block HEAP };
initialize by copy { rw };

  Section            Kind         Address    Size  Object
  -------            ----         -------    ----  ------
"A0":                                        0xec
  .intvec            ro code   0x800'0000    0xec  startup_stm32f10x_md.o [1]
                             - 0x800'00ec    0xec

"P1":                                      0x2c0f
  .text              ro code   0x800'00ec   0x7a8  BLDC.o [1]
  .text              ro code   0x800'0894   0x528  stm32f10x_tim.o [1]
  .text              ro code   0x800'0dbc   0x1c4  stm32f10x_gpio.o [1]
  .text              ro code   0x800'0f80   0x28c  Timer.o [1]
  .text              ro code   0x800'120c   0x28c  PI_Cale.o [1]
  .text              ro code   0x800'1498    0x2a  SysConfig.o [1]
  .text              ro code   0x800'14c2    0x3a  zero_init3.o [4]
  .text              ro code   0x800'14fc    0x94  stm32f10x_rcc.o [1]
  .text              ro code   0x800'1590    0x1a  U32ToDbl.o [3]
  .text              ro code   0x800'15ac   0x1a2  DblMul.o [3]
  .text              ro code   0x800'1750   0x17a  DblAdd.o [3]
  .text              ro code   0x800'18cc    0x3a  DblToS32.o [3]
  .text              ro code   0x800'1908    0x24  S32ToFlt.o [3]
  .text              ro code   0x800'192c    0xd8  FltMul.o [3]
  .text              ro code   0x800'1a04    0xe2  FltAdd.o [3]
  .text              ro code   0x800'1ae8    0x1c  U32ToFlt.o [3]
  .text              ro code   0x800'1b04    0xfc  FltDiv.o [3]
  .text              ro code   0x800'1c00    0x24  FltCmpLe.o [3]
  .text              ro code   0x800'1c24    0x24  FltCmpGe.o [3]
  .text              ro code   0x800'1c48    0x2a  FltToS32.o [3]
  .text              ro code   0x800'1c74    0xd2  DblSub.o [3]
  .text              ro code   0x800'1d48    0x74  FltSub.o [3]
  .text              ro code   0x800'1dbc   0x3d4  Analog.o [1]
  .text              ro code   0x800'2190    0x80  misc.o [1]
  .text              ro code   0x800'2210   0x194  stm32f10x_dma.o [1]
  .text              ro code   0x800'23a4   0x1c4  stm32f10x_adc.o [1]
  .text              ro code   0x800'2568   0x128  main.o [1]
  .text              ro code   0x800'2690   0x100  GPIO_Init.o [1]
  .text              ro code   0x800'2790    0xb4  stm32f10x_exti.o [1]
  .text              ro code   0x800'2844   0x118  system_stm32f10x.o [1]
  .text              ro code   0x800'295c    0xf4  Timer_ISR.o [1]
  .text              ro code   0x800'2a50    0x8e  stm32f10x_usart.o [1]
  .text              ro code   0x800'2ade    0x38  packbits_init_single.o [4]
  .text              ro code   0x800'2b18    0x34  USART.o [1]
  .text              ro code   0x800'2b4c    0x28  data_init.o [4]
  .iar.init_table    const     0x800'2b74    0x20  - Linker created -
  .text              ro code   0x800'2b94    0x1e  cmain.o [4]
  .text              ro code   0x800'2bb2     0x4  low_level_init.o [2]
  .text              ro code   0x800'2bb6     0x4  exit.o [2]
  .text              ro code   0x800'2bbc     0xa  cexit.o [4]
  .text              ro code   0x800'2bc8    0x14  exit.o [5]
  .text              ro code   0x800'2bdc    0x12  stm32f10x_it.o [1]
  .text              ro code   0x800'2bf0    0x10  startup_stm32f10x_md.o [1]
  .text              ro code   0x800'2c00     0xc  cstartup_M.o [4]
  .text              ro code   0x800'2c0c     0x4  startup_stm32f10x_md.o [1]
  .text              ro code   0x800'2c10     0x4  startup_stm32f10x_md.o [1]
  .text              ro code   0x800'2c14     0x4  startup_stm32f10x_md.o [1]
  .text              ro code   0x800'2c18     0x4  startup_stm32f10x_md.o [1]
  .text              ro code   0x800'2c1c     0x4  startup_stm32f10x_md.o [1]
  .text              ro code   0x800'2c20     0x4  startup_stm32f10x_md.o [1]
  .text              ro code   0x800'2c24     0x4  startup_stm32f10x_md.o [1]
  .text              ro code   0x800'2c28     0x4  startup_stm32f10x_md.o [1]
  .text              ro code   0x800'2c2c     0x4  startup_stm32f10x_md.o [1]
  .text              ro code   0x800'2c30     0x4  startup_stm32f10x_md.o [1]
  .text              ro code   0x800'2c34     0x4  startup_stm32f10x_md.o [1]
  .text              ro code   0x800'2c38     0x4  startup_stm32f10x_md.o [1]
  .text              ro code   0x800'2c3c     0x4  startup_stm32f10x_md.o [1]
  .text              ro code   0x800'2c40     0x4  startup_stm32f10x_md.o [1]
  .text              ro code   0x800'2c44     0x4  startup_stm32f10x_md.o [1]
  .text              ro code   0x800'2c48     0x4  startup_stm32f10x_md.o [1]
  .text              ro code   0x800'2c4c     0x4  startup_stm32f10x_md.o [1]
  .text              ro code   0x800'2c50     0x4  startup_stm32f10x_md.o [1]
  .text              ro code   0x800'2c54     0x4  startup_stm32f10x_md.o [1]
  .text              ro code   0x800'2c58     0x4  startup_stm32f10x_md.o [1]
  .text              ro code   0x800'2c5c     0x4  startup_stm32f10x_md.o [1]
  .text              ro code   0x800'2c60     0x4  startup_stm32f10x_md.o [1]
  .text              ro code   0x800'2c64     0x4  startup_stm32f10x_md.o [1]
  .text              ro code   0x800'2c68     0x4  startup_stm32f10x_md.o [1]
  .text              ro code   0x800'2c6c     0x4  startup_stm32f10x_md.o [1]
  .text              ro code   0x800'2c70     0x4  startup_stm32f10x_md.o [1]
  .text              ro code   0x800'2c74     0x4  startup_stm32f10x_md.o [1]
  .text              ro code   0x800'2c78     0x4  startup_stm32f10x_md.o [1]
  .text              ro code   0x800'2c7c     0x4  startup_stm32f10x_md.o [1]
  .text              ro code   0x800'2c80     0x4  startup_stm32f10x_md.o [1]
  .text              ro code   0x800'2c84     0x4  startup_stm32f10x_md.o [1]
  .text              ro code   0x800'2c88     0x4  startup_stm32f10x_md.o [1]
  .text              ro code   0x800'2c8c     0x4  startup_stm32f10x_md.o [1]
  .text              ro code   0x800'2c90     0x4  startup_stm32f10x_md.o [1]
  .text              ro code   0x800'2c94     0x4  startup_stm32f10x_md.o [1]
  .text              ro code   0x800'2c98     0x4  startup_stm32f10x_md.o [1]
  .text              ro code   0x800'2c9c     0x4  startup_stm32f10x_md.o [1]
  .text              ro code   0x800'2ca0     0x4  startup_stm32f10x_md.o [1]
  .text              ro code   0x800'2ca4     0x4  startup_stm32f10x_md.o [1]
  .text              ro code   0x800'2ca8     0x4  startup_stm32f10x_md.o [1]
  .text              ro code   0x800'2cac     0x4  startup_stm32f10x_md.o [1]
  .text              ro code   0x800'2cb0     0x4  startup_stm32f10x_md.o [1]
  .text              ro code   0x800'2cb4     0x4  startup_stm32f10x_md.o [1]
  .text              ro code   0x800'2cb8     0x4  startup_stm32f10x_md.o [1]
  .text              ro code   0x800'2cbc     0x4  startup_stm32f10x_md.o [1]
  .text              ro code   0x800'2cc0     0x4  startup_stm32f10x_md.o [1]
  .text              ro code   0x800'2cc4     0x4  startup_stm32f10x_md.o [1]
  .text              ro code   0x800'2cc8     0x4  startup_stm32f10x_md.o [1]
  .text              ro code   0x800'2ccc     0x4  startup_stm32f10x_md.o [1]
  .text              ro code   0x800'2cd0     0x4  startup_stm32f10x_md.o [1]
  .text              ro code   0x800'2cd4     0x4  startup_stm32f10x_md.o [1]
  .text              ro code   0x800'2cd8     0x4  startup_stm32f10x_md.o [1]
  .rodata            const     0x800'2cdc     0x0  zero_init3.o [4]
  .rodata            const     0x800'2cdc     0x0  packbits_init_single.o [4]
  Initializer bytes  const     0x800'2cdc    0x1f  <for P2-1>
                             - 0x800'2cfb  0x2c0f

"P2", part 1 of 3:                           0x4c
  P2-1                        0x2000'0000    0x4c  <Init block>
    .data            inited   0x2000'0000    0x1c  BLDC.o [1]
    .data            inited   0x2000'001c    0x2c  PI_Cale.o [1]
    .data            inited   0x2000'0048     0x4  system_stm32f10x.o [1]
                            - 0x2000'004c    0x4c

"P2", part 2 of 3:                           0x74
  .bss               zero     0x2000'004c    0x20  Analog.o [1]
  .bss               zero     0x2000'006c    0x1c  BLDC.o [1]
  .bss               zero     0x2000'0088     0xc  Analog.o [1]
  .bss               zero     0x2000'0094     0xc  BLDC.o [1]
  .bss               zero     0x2000'00a0     0x4  Analog.o [1]
  .bss               zero     0x2000'00a4     0x2  Analog.o [1]
  .bss               zero     0x2000'00a6     0x2  Analog.o [1]
  .bss               zero     0x2000'00a8     0x2  Analog.o [1]
  .bss               zero     0x2000'00aa     0x2  Analog.o [1]
  .bss               zero     0x2000'00ac     0x2  Timer_ISR.o [1]
  .bss               zero     0x2000'00ae     0x2  Timer_ISR.o [1]
  .bss               zero     0x2000'00b0     0x1  Analog.o [1]
  .bss               zero     0x2000'00b1     0x1  BLDC.o [1]
  .bss               zero     0x2000'00b2     0x1  BLDC.o [1]
  .bss               zero     0x2000'00b3     0x1  BLDC.o [1]
  .bss               zero     0x2000'00b4     0x1  BLDC.o [1]
  .bss               zero     0x2000'00b5     0x1  BLDC.o [1]
  .bss               zero     0x2000'00b6     0x1  BLDC.o [1]
  .bss               zero     0x2000'00b7     0x1  BLDC.o [1]
  .bss               zero     0x2000'00b8     0x1  BLDC.o [1]
  .bss               zero     0x2000'00b9     0x1  BLDC.o [1]
  .bss               zero     0x2000'00ba     0x1  BLDC.o [1]
  .bss               zero     0x2000'00bb     0x1  BLDC.o [1]
  .bss               zero     0x2000'00bc     0x1  BLDC.o [1]
  .bss               zero     0x2000'00bd     0x1  BLDC.o [1]
  .bss               zero     0x2000'00be     0x1  BLDC.o [1]
                            - 0x2000'00bf    0x73

"P2", part 3 of 3:                          0x800
  CSTACK                      0x2000'00c0   0x800  <Block>
    CSTACK           uninit   0x2000'00c0   0x800  <Block tail>
                            - 0x2000'08c0   0x800

Unused ranges:

         From           To    Size
         ----           --    ----
   0x800'2cfb   0x800'ffff  0xd305
  0x2000'08c0  0x2000'4fff  0x4740


*******************************************************************************
*** INIT TABLE
***

          Address      Size
          -------      ----
Zero (__iar_zero_init3)
    1 destination range, total size 0x73:
          0x2000'004c  0x73

Copy/packbits (__iar_packbits_init_single3)
    1 source range, total size 0x1f (40% of destination):
           0x800'2cdc  0x1f
    1 destination range, total size 0x4c:
          0x2000'0000  0x4c



*******************************************************************************
*** MODULE SUMMARY
***

    Module                  ro code  ro data  rw data
    ------                  -------  -------  -------
command line/config:
    -------------------------------------------------
    Total:

C:\Users\Hanfang Su\Desktop\科研\Mortor\BLDC_1130_IAR\Debug\Obj: [1]
    Analog.o                    980                57
    BLDC.o                    1 960       11       82
    GPIO_Init.o                 256
    PI_Cale.o                   652       18       44
    SysConfig.o                  42
    Timer.o                     652
    Timer_ISR.o                 244                 4
    USART.o                      52
    main.o                      296
    misc.o                      128
    startup_stm32f10x_md.o      460
    stm32f10x_adc.o             452
    stm32f10x_dma.o             404
    stm32f10x_exti.o            180
    stm32f10x_gpio.o            452
    stm32f10x_it.o               18
    stm32f10x_rcc.o             148
    stm32f10x_tim.o           1 320
    stm32f10x_usart.o           142
    system_stm32f10x.o          280        2        4
    -------------------------------------------------
    Total:                    9 118       31      191

dl7M_tlf.a: [2]
    exit.o                        4
    low_level_init.o              4
    -------------------------------------------------
    Total:                        8

m7M_tl.a: [3]
    DblAdd.o                    378
    DblMul.o                    418
    DblSub.o                    210
    DblToS32.o                   58
    FltAdd.o                    226
    FltCmpGe.o                   36
    FltCmpLe.o                   36
    FltDiv.o                    252
    FltMul.o                    216
    FltSub.o                    116
    FltToS32.o                   42
    S32ToFlt.o                   36
    U32ToDbl.o                   26
    U32ToFlt.o                   28
    -------------------------------------------------
    Total:                    2 078

rt7M_tl.a: [4]
    cexit.o                      10
    cmain.o                      30
    cstartup_M.o                 12
    data_init.o                  40
    packbits_init_single.o       56
    zero_init3.o                 58
    -------------------------------------------------
    Total:                      206

shb_l.a: [5]
    exit.o                       20
    -------------------------------------------------
    Total:                       20

    Gaps                         22
    Linker created                        32    2 048
-----------------------------------------------------
    Grand Total:             11 452       63    2 239


*******************************************************************************
*** ENTRY LIST
***

Entry                       Address   Size  Type      Object
-----                       -------   ----  ----      ------
.iar.init_table$$Base    0x800'2b74          --   Gb  - Linker created -
.iar.init_table$$Limit   0x800'2b94          --   Gb  - Linker created -
?main                    0x800'2b95         Code  Gb  cmain.o [4]
ADC1_GPIO_Config         0x800'1e23   0x4a  Code  Lc  Analog.o [1]
ADC1_Mode_Config         0x800'1e6d  0x112  Code  Lc  Analog.o [1]
ADCIntProtectCnt        0x2000'00ac    0x2  Data  Gb  Timer_ISR.o [1]
ADC_Cmd                  0x800'23ef   0x1a  Code  Gb  stm32f10x_adc.o [1]
ADC_Configuration        0x800'1f7f    0xc  Code  Gb  Analog.o [1]
ADC_DMACmd               0x800'2409   0x1a  Code  Gb  stm32f10x_adc.o [1]
ADC_GetCalibrationStatus
                         0x800'2449   0x12  Code  Gb  stm32f10x_adc.o [1]
ADC_GetResetCalibrationStatus
                         0x800'242d   0x12  Code  Gb  stm32f10x_adc.o [1]
ADC_Init                 0x800'23a5   0x4a  Code  Gb  stm32f10x_adc.o [1]
ADC_RegularChannelConfig
                         0x800'2475   0xc6  Code  Gb  stm32f10x_adc.o [1]
ADC_ResetCalibration     0x800'2423    0xa  Code  Gb  stm32f10x_adc.o [1]
ADC_SoftwareStartConvCmd
                         0x800'245b   0x1a  Code  Gb  stm32f10x_adc.o [1]
ADC_StartCalibration     0x800'243f    0xa  Code  Gb  stm32f10x_adc.o [1]
ADC_TempSensorVrefintCmd
                         0x800'253b   0x1e  Code  Gb  stm32f10x_adc.o [1]
ADC_check_buf           0x2000'0094    0xc  Data  Gb  BLDC.o [1]
Align_pos_check_proc     0x800'064f  0x1bc  Code  Gb  BLDC.o [1]
All_Discharg             0x800'056f   0x20  Code  Gb  BLDC.o [1]
Angle_Dealwith           0x800'2127   0x28  Code  Gb  Analog.o [1]
BLDC_GPIO_Config         0x800'2691   0x62  Code  Gb  GPIO_Init.o [1]
BemfCheck                0x800'1f8b  0x16a  Code  Gb  Analog.o [1]
BemfCheck::V_Bus_Half   0x2000'00aa    0x2  Data  Lc  Analog.o [1]
BusFault_Handler         0x800'2be3    0x2  Code  Gb  stm32f10x_it.o [1]
CSTACK$$Base            0x2000'00c0          --   Gb  - Linker created -
CSTACK$$Limit           0x2000'08c0          --   Gb  - Linker created -
Cal_AverCurrent          0x800'20f5   0x12  Code  Gb  Analog.o [1]
CalcSpeedTime            0x800'120d   0x3c  Code  Gb  PI_Cale.o [1]
Charger                  0x800'053f   0x30  Code  Gb  BLDC.o [1]
Charger_Time            0x2000'00b9    0x1  Data  Gb  BLDC.o [1]
DMA1_Channel1_IRQHandler
                         0x800'2977   0xb2  Code  Gb  Timer_ISR.o [1]
DMA_ClearITPendingBit    0x800'235b   0x10  Code  Gb  stm32f10x_dma.o [1]
DMA_Cmd                  0x800'233f   0x1c  Code  Gb  stm32f10x_dma.o [1]
DMA_DeInit               0x800'2211   0xf2  Code  Gb  stm32f10x_dma.o [1]
DMA_Init                 0x800'2303   0x3c  Code  Gb  stm32f10x_dma.o [1]
DebugMon_Handler         0x800'2be9    0x2  Code  Gb  stm32f10x_it.o [1]
Delay_ms                 0x800'1499   0x2a  Code  Gb  SysConfig.o [1]
EXTI15_10_IRQHandler     0x800'274b   0x32  Code  Gb  GPIO_Init.o [1]
EXTI_ClearITPendingBit   0x800'2829    0x6  Code  Gb  stm32f10x_exti.o [1]
EXTI_GetITStatus         0x800'2809   0x20  Code  Gb  stm32f10x_exti.o [1]
EXTI_Init                0x800'2791   0x78  Code  Gb  stm32f10x_exti.o [1]
EnterDragInit            0x800'01e7   0x22  Code  Gb  BLDC.o [1]
EnterRunInit             0x800'0209   0x36  Code  Gb  BLDC.o [1]
Exti_Config              0x800'26f3   0x58  Code  Gb  GPIO_Init.o [1]
Filter_Count            0x2000'00b0    0x1  Data  Gb  Analog.o [1]
Flag_Charger            0x2000'00ba    0x1  Data  Gb  BLDC.o [1]
Flag_OverCurr           0x2000'00bb    0x1  Data  Gb  BLDC.o [1]
Flag_adc                0x2000'00b8    0x1  Data  Gb  BLDC.o [1]
GPIO_EXTILineConfig      0x800'0f25   0x50  Code  Gb  stm32f10x_gpio.o [1]
GPIO_Init                0x800'0dbd   0xc0  Code  Gb  stm32f10x_gpio.o [1]
GPIO_PinRemapConfig      0x800'0e9d   0x88  Code  Gb  stm32f10x_gpio.o [1]
GPIO_ReadInputDataBit    0x800'0e7d   0x14  Code  Gb  stm32f10x_gpio.o [1]
GPIO_ResetBits           0x800'0e97    0x6  Code  Gb  stm32f10x_gpio.o [1]
GPIO_SetBits             0x800'0e91    0x6  Code  Gb  stm32f10x_gpio.o [1]
Global_Current          0x2000'00a6    0x2  Data  Gb  Analog.o [1]
HardFault_Handler        0x800'2bdf    0x2  Code  Gb  stm32f10x_it.o [1]
Initial_stage           0x2000'00b5    0x1  Data  Gb  BLDC.o [1]
Instant_Current_Cale     0x800'2107   0x20  Code  Gb  Analog.o [1]
MOS_Q15PWM               0x800'10f9   0x28  Code  Gb  Timer.o [1]
MOS_Q16PWM               0x800'1121   0x22  Code  Gb  Timer.o [1]
MOS_Q24PWM               0x800'1165   0x28  Code  Gb  Timer.o [1]
MOS_Q26PWM               0x800'1143   0x22  Code  Gb  Timer.o [1]
MOS_Q34PWM               0x800'118d   0x28  Code  Gb  Timer.o [1]
MOS_Q35PWM               0x800'11b5   0x28  Code  Gb  Timer.o [1]
Mask_TIME               0x2000'00a8    0x2  Data  Gb  Analog.o [1]
MasterState             0x2000'00b1    0x1  Data  Gb  BLDC.o [1]
MemManage_Handler        0x800'2be1    0x2  Code  Gb  stm32f10x_it.o [1]
Motor                   0x2000'0000   0x1c  Data  Gb  BLDC.o [1]
MotorControl             0x800'0321   0x40  Code  Gb  BLDC.o [1]
MotorInit                0x800'0133   0xb4  Code  Gb  BLDC.o [1]
MotorStop                0x800'0361   0xc4  Code  Gb  BLDC.o [1]
NMI_Handler              0x800'2bdd    0x2  Code  Gb  stm32f10x_it.o [1]
NVIC_Configuration       0x800'1dbd   0x66  Code  Gb  Analog.o [1]
NVIC_Init                0x800'219b   0x60  Code  Gb  misc.o [1]
NVIC_PriorityGroupConfig
                         0x800'2191    0xa  Code  Gb  misc.o [1]
PID_Speed               0x2000'001c   0x2c  Data  Gb  PI_Cale.o [1]
PendSV_Handler           0x800'2beb    0x2  Code  Gb  stm32f10x_it.o [1]
PhaseCnt                0x2000'00b6    0x1  Data  Gb  BLDC.o [1]
RCC_ADCCLKConfig         0x800'14fd   0x10  Code  Gb  stm32f10x_rcc.o [1]
RCC_AHBPeriphClockCmd    0x800'150d   0x1c  Code  Gb  stm32f10x_rcc.o [1]
RCC_APB1PeriphResetCmd   0x800'1561   0x1c  Code  Gb  stm32f10x_rcc.o [1]
RCC_APB2PeriphClockCmd   0x800'1529   0x1c  Code  Gb  stm32f10x_rcc.o [1]
RCC_APB2PeriphResetCmd   0x800'1545   0x1c  Code  Gb  stm32f10x_rcc.o [1]
Region$$Table$$Base      0x800'2b74          --   Gb  - Linker created -
Region$$Table$$Limit     0x800'2b94          --   Gb  - Linker created -
RegularConvData_Tab     0x2000'0088    0xc  Data  Gb  Analog.o [1]
SVC_Handler              0x800'2be7    0x2  Code  Gb  stm32f10x_it.o [1]
SetSysClock              0x800'2889    0x8  Code  Lc  system_stm32f10x.o [1]
SetSysClockTo72          0x800'2891   0xae  Code  Lc  system_stm32f10x.o [1]
SpeedController          0x800'1249  0x14a  Code  Gb  PI_Cale.o [1]
StartupDrag              0x800'023f   0x84  Code  Gb  BLDC.o [1]
Startup_Turn             0x800'02c3   0x5e  Code  Gb  BLDC.o [1]
SysTick_Handler          0x800'2bed    0x2  Code  Gb  stm32f10x_it.o [1]
Sys_Variable_Init        0x800'00ed   0x46  Code  Gb  BLDC.o [1]
SystemCoreClock         0x2000'0048    0x4  Data  Gb  system_stm32f10x.o [1]
SystemInit               0x800'2845   0x44  Code  Gb  system_stm32f10x.o [1]
Sysvariable             0x2000'006c   0x1c  Data  Gb  BLDC.o [1]
TIM1_Config              0x800'0f81  0x178  Code  Gb  Timer.o [1]
TIM3_IRQHandler          0x800'295d   0x1a  Code  Gb  Timer_ISR.o [1]
TIM_CCxCmd               0x800'0d01   0x20  Code  Gb  stm32f10x_tim.o [1]
TIM_ClearFlag            0x800'0d43    0x8  Code  Gb  stm32f10x_tim.o [1]
TIM_ClearITPendingBit    0x800'0d6f    0x8  Code  Gb  stm32f10x_tim.o [1]
TIM_Cmd                  0x800'0cab   0x1c  Code  Gb  stm32f10x_tim.o [1]
TIM_CtrlPWMOutputs       0x800'0cc7   0x22  Code  Gb  stm32f10x_tim.o [1]
TIM_DeInit               0x800'0895  0x1de  Code  Gb  stm32f10x_tim.o [1]
TIM_GetITStatus          0x800'0d4b   0x24  Code  Gb  stm32f10x_tim.o [1]
TIM_ITConfig             0x800'0ce9   0x18  Code  Gb  stm32f10x_tim.o [1]
TIM_OC1Init              0x800'0b05   0x94  Code  Gb  stm32f10x_tim.o [1]
TIM_OC2Init              0x800'0b99   0x8a  Code  Gb  stm32f10x_tim.o [1]
TIM_OC3Init              0x800'0c23   0x88  Code  Gb  stm32f10x_tim.o [1]
TIM_SelectOutputTrigger
                         0x800'0d21   0x12  Code  Gb  stm32f10x_tim.o [1]
TIM_SetCompare1          0x800'0d37    0x4  Code  Gb  stm32f10x_tim.o [1]
TIM_SetCompare2          0x800'0d3b    0x4  Code  Gb  stm32f10x_tim.o [1]
TIM_SetCompare3          0x800'0d3f    0x4  Code  Gb  stm32f10x_tim.o [1]
TIM_SetCounter           0x800'0d33    0x4  Code  Gb  stm32f10x_tim.o [1]
TIM_TimeBaseInit         0x800'0a73   0x92  Code  Gb  stm32f10x_tim.o [1]
TuneDutyRatioCnt        0x2000'00ae    0x2  Data  Gb  Timer_ISR.o [1]
USART1_IRQHandler        0x800'2b19   0x30  Code  Gb  USART.o [1]
USART_GetFlagStatus      0x800'2a61   0x1a  Code  Gb  stm32f10x_usart.o [1]
USART_GetITStatus        0x800'2a7b   0x64  Code  Gb  stm32f10x_usart.o [1]
USART_ReceiveData        0x800'2a59    0x8  Code  Gb  stm32f10x_usart.o [1]
USART_SendData           0x800'2a51    0x8  Code  Gb  stm32f10x_usart.o [1]
UV_W_phase_inject        0x800'058f   0x20  Code  Gb  BLDC.o [1]
U_VW_phase_inject        0x800'062d   0x22  Code  Gb  BLDC.o [1]
UsageFault_Handler       0x800'2be5    0x2  Code  Gb  stm32f10x_it.o [1]
UserRequireSpeed        0x2000'00a4    0x2  Data  Gb  Analog.o [1]
UserSpeedControl         0x800'046d   0xd2  Code  Gb  BLDC.o [1]
UserSpeedControl::RheostatCnt0
                        0x2000'00bd    0x1  Data  Lc  BLDC.o [1]
UserSpeedControl::RheostatCnt1
                        0x2000'00be    0x1  Data  Lc  BLDC.o [1]
UserSpeedControlInit     0x800'0425   0x48  Code  Gb  BLDC.o [1]
UserSpeedControlInit::RheostatCnt0
                        0x2000'00bc    0x1  Data  Lc  BLDC.o [1]
VW_U_phase_inject        0x800'060d   0x20  Code  Gb  BLDC.o [1]
V_WU_phase_inject        0x800'05eb   0x22  Code  Gb  BLDC.o [1]
WU_V_phase_inject        0x800'05cb   0x20  Code  Gb  BLDC.o [1]
W_UV_phase_inject        0x800'05af   0x1c  Code  Gb  BLDC.o [1]
__aeabi_cfcmple          0x800'1c01         Code  Gb  FltCmpLe.o [3]
__aeabi_cfrcmple         0x800'1c25         Code  Gb  FltCmpGe.o [3]
__aeabi_d2iz             0x800'18cd         Code  Gb  DblToS32.o [3]
__aeabi_dadd             0x800'1751         Code  Gb  DblAdd.o [3]
__aeabi_dmul             0x800'15ad         Code  Gb  DblMul.o [3]
__aeabi_f2iz             0x800'1c49         Code  Gb  FltToS32.o [3]
__aeabi_fadd             0x800'1a05         Code  Gb  FltAdd.o [3]
__aeabi_fdiv             0x800'1b05         Code  Gb  FltDiv.o [3]
__aeabi_fmul             0x800'192d         Code  Gb  FltMul.o [3]
__aeabi_i2f              0x800'1909         Code  Gb  S32ToFlt.o [3]
__aeabi_ui2d             0x800'1591         Code  Gb  U32ToDbl.o [3]
__aeabi_ui2f             0x800'1ae9         Code  Gb  U32ToFlt.o [3]
__cmain                  0x800'2b95         Code  Gb  cmain.o [4]
__exit                   0x800'2bc9   0x14  Code  Gb  exit.o [5]
__iar_dadd               0x800'1c75         Code  Gb  DblSub.o [3]
__iar_data_init3         0x800'2b4d   0x28  Code  Gb  data_init.o [4]
__iar_dsub               0x800'1761         Code  Gb  DblAdd.o [3]
__iar_dsubStart          0x800'1773         Code  Gb  DblAdd.o [3]
__iar_fadd               0x800'1d49         Code  Gb  FltSub.o [3]
__iar_fsub               0x800'1a11         Code  Gb  FltAdd.o [3]
__iar_fsubStart          0x800'1a21         Code  Gb  FltAdd.o [3]
__iar_packbits_init_single3
                         0x800'2adf   0x38  Code  Gb  packbits_init_single.o [4]
__iar_program_start      0x800'2c01         Code  Gb  cstartup_M.o [4]
__iar_zero_init3         0x800'14c3   0x3a  Code  Gb  zero_init3.o [4]
__low_level_init         0x800'2bb3    0x4  Code  Gb  low_level_init.o [2]
__vector_table           0x800'0000         Data  Gb  startup_stm32f10x_md.o [1]
_call_main               0x800'2ba1         Code  Gb  cmain.o [4]
_exit                    0x800'2bbd         Code  Gb  cexit.o [4]
_main                    0x800'2baf         Code  Gb  cmain.o [4]
bldcSpeedControlTime     0x800'1393   0xc6  Code  Gb  PI_Cale.o [1]
exit                     0x800'2bb7    0x4  Code  Gb  exit.o [2]
main                     0x800'2569  0x128  Code  Gb  main.o [1]
mcCurOffset             0x2000'004c   0x20  Data  Gb  Analog.o [1]
mcFault                 0x2000'00b3    0x1  Data  Gb  BLDC.o [1]
mcState                 0x2000'00b2    0x1  Data  Gb  BLDC.o [1]
pos_check_stage         0x2000'00b4    0x1  Data  Gb  BLDC.o [1]
pos_idx                 0x2000'00b7    0x1  Data  Gb  BLDC.o [1]
sysflags                0x2000'00a0    0x4  Data  Gb  Analog.o [1]


[1] = C:\Users\Hanfang Su\Desktop\科研\Mortor\BLDC_1130_IAR\Debug\Obj
[2] = dl7M_tlf.a
[3] = m7M_tl.a
[4] = rt7M_tl.a
[5] = shb_l.a

  11 452 bytes of readonly  code memory
      63 bytes of readonly  data memory
   2 239 bytes of readwrite data memory

Errors: none
Warnings: none
